
*** Running vivado
    with args -log miniRV_SoC.vdi -applog -m64 -product Vivado -messageDb vivado.pb -mode batch -source miniRV_SoC.tcl -notrace


****** Vivado v2018.3 (64-bit)
  **** SW Build 2405991 on Thu Dec  6 23:38:27 MST 2018
  **** IP Build 2404404 on Fri Dec  7 01:43:56 MST 2018
    ** Copyright 1986-2018 Xilinx, Inc. All Rights Reserved.

source miniRV_SoC.tcl -notrace
Command: link_design -top miniRV_SoC -part xc7a100tfgg484-1
Design is defaulting to srcset: sources_1
Design is defaulting to constrset: constrs_1
INFO: [Project 1-454] Reading design checkpoint 'd:/personal_archive/2025summer/my_cpu/microRVCPU/my_pipeline_cpu/proj_pipeline/proj_pipeline.srcs/sources_1/ip/cpuclk/cpuclk.dcp' for cell 'Clkgen'
INFO: [Project 1-454] Reading design checkpoint 'd:/personal_archive/2025summer/my_cpu/microRVCPU/my_pipeline_cpu/proj_pipeline/proj_pipeline.srcs/sources_1/ip/DRAM/DRAM.dcp' for cell 'Mem_DRAM'
INFO: [Project 1-454] Reading design checkpoint 'd:/personal_archive/2025summer/my_cpu/microRVCPU/my_pipeline_cpu/proj_pipeline/proj_pipeline.srcs/sources_1/ip/IROM/IROM.dcp' for cell 'Mem_IROM'
INFO: [Netlist 29-17] Analyzing 3000 Unisim elements for replacement
INFO: [Netlist 29-28] Unisim Transformation completed in 1 CPU seconds
INFO: [Project 1-479] Netlist was created with Vivado 2018.3
INFO: [Device 21-403] Loading part xc7a100tfgg484-1
INFO: [Project 1-570] Preparing netlist for logic optimization
Parsing XDC File [d:/personal_archive/2025summer/my_cpu/microRVCPU/my_pipeline_cpu/proj_pipeline/proj_pipeline.srcs/sources_1/ip/cpuclk/cpuclk_board.xdc] for cell 'Clkgen/inst'
Finished Parsing XDC File [d:/personal_archive/2025summer/my_cpu/microRVCPU/my_pipeline_cpu/proj_pipeline/proj_pipeline.srcs/sources_1/ip/cpuclk/cpuclk_board.xdc] for cell 'Clkgen/inst'
Parsing XDC File [d:/personal_archive/2025summer/my_cpu/microRVCPU/my_pipeline_cpu/proj_pipeline/proj_pipeline.srcs/sources_1/ip/cpuclk/cpuclk.xdc] for cell 'Clkgen/inst'
INFO: [Timing 38-35] Done setting XDC timing constraints. [d:/personal_archive/2025summer/my_cpu/microRVCPU/my_pipeline_cpu/proj_pipeline/proj_pipeline.srcs/sources_1/ip/cpuclk/cpuclk.xdc:57]
INFO: [Timing 38-2] Deriving generated clocks [d:/personal_archive/2025summer/my_cpu/microRVCPU/my_pipeline_cpu/proj_pipeline/proj_pipeline.srcs/sources_1/ip/cpuclk/cpuclk.xdc:57]
get_clocks: Time (s): cpu = 00:00:06 ; elapsed = 00:00:06 . Memory (MB): peak = 1226.809 ; gain = 581.734
Finished Parsing XDC File [d:/personal_archive/2025summer/my_cpu/microRVCPU/my_pipeline_cpu/proj_pipeline/proj_pipeline.srcs/sources_1/ip/cpuclk/cpuclk.xdc] for cell 'Clkgen/inst'
Parsing XDC File [D:/personal_archive/2025summer/my_cpu/microRVCPU/my_pipeline_cpu/proj_pipeline/proj_pipeline.srcs/constrs_1/new/miniRV_clock.xdc]
WARNING: [Constraints 18-619] A clock with name 'fpga_clk' already exists, overwriting the previous clock with the same name. [D:/personal_archive/2025summer/my_cpu/microRVCPU/my_pipeline_cpu/proj_pipeline/proj_pipeline.srcs/constrs_1/new/miniRV_clock.xdc:2]
Finished Parsing XDC File [D:/personal_archive/2025summer/my_cpu/microRVCPU/my_pipeline_cpu/proj_pipeline/proj_pipeline.srcs/constrs_1/new/miniRV_clock.xdc]
Parsing XDC File [D:/personal_archive/2025summer/my_cpu/microRVCPU/my_pipeline_cpu/proj_pipeline/proj_pipeline.srcs/constrs_1/new/miniRV_SoC.xdc]
Finished Parsing XDC File [D:/personal_archive/2025summer/my_cpu/microRVCPU/my_pipeline_cpu/proj_pipeline/proj_pipeline.srcs/constrs_1/new/miniRV_SoC.xdc]
INFO: [Opt 31-138] Pushed 0 inverter(s) to 0 load pin(s).
Netlist sorting complete. Time (s): cpu = 00:00:00 ; elapsed = 00:00:00.005 . Memory (MB): peak = 1229.328 ; gain = 0.000
INFO: [Project 1-111] Unisim Transformation Summary:
  A total of 2060 instances were transformed.
  RAM256X1S => RAM256X1S (MUXF7, MUXF7, MUXF8, RAMS64E, RAMS64E, RAMS64E, RAMS64E): 2048 instances
  RAM32M => RAM32M (RAMD32, RAMD32, RAMD32, RAMD32, RAMD32, RAMD32, RAMS32, RAMS32): 12 instances

12 Infos, 1 Warnings, 0 Critical Warnings and 0 Errors encountered.
link_design completed successfully
link_design: Time (s): cpu = 00:00:11 ; elapsed = 00:00:12 . Memory (MB): peak = 1229.328 ; gain = 955.633
Command: opt_design
Attempting to get a license for feature 'Implementation' and/or device 'xc7a100t'
INFO: [Common 17-349] Got license for feature 'Implementation' and/or device 'xc7a100t'
Running DRC as a precondition to command opt_design

Starting DRC Task
INFO: [DRC 23-27] Running DRC with 2 threads
INFO: [Project 1-461] DRC finished with 0 Errors
INFO: [Project 1-462] Please refer to the DRC report (report_drc) for more information.

Time (s): cpu = 00:00:00 ; elapsed = 00:00:00.321 . Memory (MB): peak = 1229.328 ; gain = 0.000

Starting Cache Timing Information Task
INFO: [Timing 38-35] Done setting XDC timing constraints.
Ending Cache Timing Information Task | Checksum: 2b279689d

Time (s): cpu = 00:00:01 ; elapsed = 00:00:00.437 . Memory (MB): peak = 1240.086 ; gain = 10.758

Starting Logic Optimization Task

Phase 1 Retarget
INFO: [Opt 31-138] Pushed 0 inverter(s) to 0 load pin(s).
INFO: [Opt 31-49] Retargeted 0 cell(s).
Phase 1 Retarget | Checksum: 2b279689d

Time (s): cpu = 00:00:01 ; elapsed = 00:00:00.711 . Memory (MB): peak = 1324.965 ; gain = 0.000
INFO: [Opt 31-389] Phase Retarget created 0 cells and removed 0 cells
INFO: [Opt 31-1021] In phase Retarget, 1 netlist objects are constrained preventing optimization. Please run opt_design with -debug_log to get more detail. 

Phase 2 Constant propagation
INFO: [Opt 31-138] Pushed 0 inverter(s) to 0 load pin(s).
Phase 2 Constant propagation | Checksum: 20eb8203c

Time (s): cpu = 00:00:01 ; elapsed = 00:00:00.792 . Memory (MB): peak = 1324.965 ; gain = 0.000
INFO: [Opt 31-389] Phase Constant propagation created 0 cells and removed 0 cells

Phase 3 Sweep
Phase 3 Sweep | Checksum: 22663f2fe

Time (s): cpu = 00:00:01 ; elapsed = 00:00:00.894 . Memory (MB): peak = 1324.965 ; gain = 0.000
INFO: [Opt 31-389] Phase Sweep created 8 cells and removed 32 cells

Phase 4 BUFG optimization
INFO: [Opt 31-194] Inserted BUFG Clkgen/inst/clk_out1_cpuclk_BUFG_inst to drive 0 load(s) on clock net Clkgen/inst/clk_out1_cpuclk_BUFG
INFO: [Opt 31-193] Inserted 1 BUFG(s) on clock nets
Phase 4 BUFG optimization | Checksum: 231c1a694

Time (s): cpu = 00:00:02 ; elapsed = 00:00:01 . Memory (MB): peak = 1324.965 ; gain = 0.000
INFO: [Opt 31-662] Phase BUFG optimization created 0 cells of which 0 are BUFGs and removed 0 cells.

Phase 5 Shift Register Optimization
Phase 5 Shift Register Optimization | Checksum: 257fd7baf

Time (s): cpu = 00:00:02 ; elapsed = 00:00:02 . Memory (MB): peak = 1324.965 ; gain = 0.000
INFO: [Opt 31-389] Phase Shift Register Optimization created 0 cells and removed 0 cells

Phase 6 Post Processing Netlist
Phase 6 Post Processing Netlist | Checksum: 2465a6122

Time (s): cpu = 00:00:02 ; elapsed = 00:00:02 . Memory (MB): peak = 1324.965 ; gain = 0.000
INFO: [Opt 31-389] Phase Post Processing Netlist created 0 cells and removed 0 cells
Opt_design Change Summary
=========================


-------------------------------------------------------------------------------------------------------------------------
|  Phase                        |  #Cells created  |  #Cells Removed  |  #Constrained objects preventing optimizations  |
-------------------------------------------------------------------------------------------------------------------------
|  Retarget                     |               0  |               0  |                                              1  |
|  Constant propagation         |               0  |               0  |                                              0  |
|  Sweep                        |               8  |              32  |                                              0  |
|  BUFG optimization            |               0  |               0  |                                              0  |
|  Shift Register Optimization  |               0  |               0  |                                              0  |
|  Post Processing Netlist      |               0  |               0  |                                              0  |
-------------------------------------------------------------------------------------------------------------------------



Starting Connectivity Check Task

Time (s): cpu = 00:00:00 ; elapsed = 00:00:00.012 . Memory (MB): peak = 1324.965 ; gain = 0.000
Ending Logic Optimization Task | Checksum: 2345cc4ec

Time (s): cpu = 00:00:02 ; elapsed = 00:00:02 . Memory (MB): peak = 1324.965 ; gain = 0.000

Starting Power Optimization Task
INFO: [Pwropt 34-132] Skipping clock gating for clocks with a period < 2.00 ns.
Ending Power Optimization Task | Checksum: 2345cc4ec

Time (s): cpu = 00:00:00 ; elapsed = 00:00:00.015 . Memory (MB): peak = 1324.965 ; gain = 0.000

Starting Final Cleanup Task
Ending Final Cleanup Task | Checksum: 2345cc4ec

Time (s): cpu = 00:00:00 ; elapsed = 00:00:00 . Memory (MB): peak = 1324.965 ; gain = 0.000

Starting Netlist Obfuscation Task
Netlist sorting complete. Time (s): cpu = 00:00:00 ; elapsed = 00:00:00.005 . Memory (MB): peak = 1324.965 ; gain = 0.000
Ending Netlist Obfuscation Task | Checksum: 2345cc4ec

Time (s): cpu = 00:00:00 ; elapsed = 00:00:00.005 . Memory (MB): peak = 1324.965 ; gain = 0.000
INFO: [Common 17-83] Releasing license: Implementation
31 Infos, 1 Warnings, 0 Critical Warnings and 0 Errors encountered.
opt_design completed successfully
Netlist sorting complete. Time (s): cpu = 00:00:00 ; elapsed = 00:00:00.005 . Memory (MB): peak = 1324.965 ; gain = 0.000
INFO: [Timing 38-480] Writing timing data to binary archive.
Writing placer database...
Writing XDEF routing.
Writing XDEF routing logical nets.
Writing XDEF routing special nets.
Write XDEF Complete: Time (s): cpu = 00:00:00 ; elapsed = 00:00:00.020 . Memory (MB): peak = 1324.965 ; gain = 0.000
Netlist sorting complete. Time (s): cpu = 00:00:00 ; elapsed = 00:00:00.006 . Memory (MB): peak = 1324.965 ; gain = 0.000
INFO: [Common 17-1381] The checkpoint 'D:/personal_archive/2025summer/my_cpu/microRVCPU/my_pipeline_cpu/proj_pipeline/proj_pipeline.runs/impl_1/miniRV_SoC_opt.dcp' has been generated.
INFO: [runtcl-4] Executing : report_drc -file miniRV_SoC_drc_opted.rpt -pb miniRV_SoC_drc_opted.pb -rpx miniRV_SoC_drc_opted.rpx
Command: report_drc -file miniRV_SoC_drc_opted.rpt -pb miniRV_SoC_drc_opted.pb -rpx miniRV_SoC_drc_opted.rpx
INFO: [IP_Flow 19-1839] IP Catalog is up to date.
INFO: [DRC 23-27] Running DRC with 2 threads
INFO: [Coretcl 2-168] The results of DRC are in file D:/personal_archive/2025summer/my_cpu/microRVCPU/my_pipeline_cpu/proj_pipeline/proj_pipeline.runs/impl_1/miniRV_SoC_drc_opted.rpt.
report_drc completed successfully
Command: place_design
Attempting to get a license for feature 'Implementation' and/or device 'xc7a100t'
INFO: [Common 17-349] Got license for feature 'Implementation' and/or device 'xc7a100t'
INFO: [DRC 23-27] Running DRC with 2 threads
INFO: [Vivado_Tcl 4-198] DRC finished with 0 Errors
INFO: [Vivado_Tcl 4-199] Please refer to the DRC report (report_drc) for more information.
Running DRC as a precondition to command place_design
INFO: [DRC 23-27] Running DRC with 2 threads
INFO: [Vivado_Tcl 4-198] DRC finished with 0 Errors
INFO: [Vivado_Tcl 4-199] Please refer to the DRC report (report_drc) for more information.

Starting Placer Task
INFO: [Place 30-611] Multithreading enabled for place_design using a maximum of 2 CPUs

Phase 1 Placer Initialization

Phase 1.1 Placer Initialization Netlist Sorting
Netlist sorting complete. Time (s): cpu = 00:00:00 ; elapsed = 00:00:00.006 . Memory (MB): peak = 1324.965 ; gain = 0.000
Phase 1.1 Placer Initialization Netlist Sorting | Checksum: 1d201e61a

Time (s): cpu = 00:00:00 ; elapsed = 00:00:00.011 . Memory (MB): peak = 1324.965 ; gain = 0.000
Netlist sorting complete. Time (s): cpu = 00:00:00 ; elapsed = 00:00:00.005 . Memory (MB): peak = 1324.965 ; gain = 0.000

Phase 1.2 IO Placement/ Clock Placement/ Build Placer Device
INFO: [Timing 38-35] Done setting XDC timing constraints.
Phase 1.2 IO Placement/ Clock Placement/ Build Placer Device | Checksum: f14ce79b

Time (s): cpu = 00:00:01 ; elapsed = 00:00:01 . Memory (MB): peak = 1324.965 ; gain = 0.000

Phase 1.3 Build Placer Netlist Model
Phase 1.3 Build Placer Netlist Model | Checksum: 141a80fd2

Time (s): cpu = 00:00:05 ; elapsed = 00:00:05 . Memory (MB): peak = 1497.730 ; gain = 172.766

Phase 1.4 Constrain Clocks/Macros
Phase 1.4 Constrain Clocks/Macros | Checksum: 141a80fd2

Time (s): cpu = 00:00:05 ; elapsed = 00:00:05 . Memory (MB): peak = 1497.730 ; gain = 172.766
Phase 1 Placer Initialization | Checksum: 141a80fd2

Time (s): cpu = 00:00:05 ; elapsed = 00:00:05 . Memory (MB): peak = 1497.730 ; gain = 172.766

Phase 2 Global Placement

Phase 2.1 Floorplanning
Phase 2.1 Floorplanning | Checksum: 11d91ede4

Time (s): cpu = 00:00:07 ; elapsed = 00:00:06 . Memory (MB): peak = 1497.730 ; gain = 172.766

Phase 2.2 Physical Synthesis In Placer
INFO: [Physopt 32-65] No nets found for high-fanout optimization.
INFO: [Physopt 32-232] Optimized 0 net. Created 0 new instance.
INFO: [Physopt 32-775] End 1 Pass. Optimized 0 net or cell. Created 0 new cell, deleted 0 existing cell and moved 0 existing cell
INFO: [Physopt 32-670] No setup violation found.  DSP Register Optimization was not performed.
INFO: [Physopt 32-670] No setup violation found.  Shift Register Optimization was not performed.
INFO: [Physopt 32-670] No setup violation found.  BRAM Register Optimization was not performed.
INFO: [Physopt 32-949] No candidate nets found for HD net replication
INFO: [Physopt 32-775] End 1 Pass. Optimized 0 net or cell. Created 0 new cell, deleted 0 existing cell and moved 0 existing cell
Netlist sorting complete. Time (s): cpu = 00:00:00 ; elapsed = 00:00:00.006 . Memory (MB): peak = 1497.730 ; gain = 0.000

Summary of Physical Synthesis Optimizations
============================================


----------------------------------------------------------------------------------------------------------------------------------------
|  Optimization                  |  Added Cells  |  Removed Cells  |  Optimized Cells/Nets  |  Dont Touch  |  Iterations  |  Elapsed   |
----------------------------------------------------------------------------------------------------------------------------------------
|  Very High Fanout              |            0  |              0  |                     0  |           0  |           1  |  00:00:00  |
|  DSP Register                  |            0  |              0  |                     0  |           0  |           0  |  00:00:00  |
|  Shift Register                |            0  |              0  |                     0  |           0  |           0  |  00:00:00  |
|  BRAM Register                 |            0  |              0  |                     0  |           0  |           0  |  00:00:00  |
|  HD Interface Net Replication  |            0  |              0  |                     0  |           0  |           1  |  00:00:00  |
|  Total                         |            0  |              0  |                     0  |           0  |           2  |  00:00:00  |
----------------------------------------------------------------------------------------------------------------------------------------


Phase 2.2 Physical Synthesis In Placer | Checksum: 1d71cc73a

Time (s): cpu = 00:00:18 ; elapsed = 00:00:17 . Memory (MB): peak = 1497.730 ; gain = 172.766
Phase 2 Global Placement | Checksum: 161668c65

Time (s): cpu = 00:00:19 ; elapsed = 00:00:18 . Memory (MB): peak = 1497.730 ; gain = 172.766

Phase 3 Detail Placement

Phase 3.1 Commit Multi Column Macros
Phase 3.1 Commit Multi Column Macros | Checksum: 161668c65

Time (s): cpu = 00:00:19 ; elapsed = 00:00:18 . Memory (MB): peak = 1497.730 ; gain = 172.766

Phase 3.2 Commit Most Macros & LUTRAMs
Phase 3.2 Commit Most Macros & LUTRAMs | Checksum: 13bc5bb80

Time (s): cpu = 00:00:31 ; elapsed = 00:00:30 . Memory (MB): peak = 1497.730 ; gain = 172.766

Phase 3.3 Area Swap Optimization
Phase 3.3 Area Swap Optimization | Checksum: 198d07451

Time (s): cpu = 00:00:31 ; elapsed = 00:00:30 . Memory (MB): peak = 1497.730 ; gain = 172.766

Phase 3.4 Pipeline Register Optimization
Phase 3.4 Pipeline Register Optimization | Checksum: 1cb415b79

Time (s): cpu = 00:00:31 ; elapsed = 00:00:30 . Memory (MB): peak = 1497.730 ; gain = 172.766

Phase 3.5 Small Shape Detail Placement
Phase 3.5 Small Shape Detail Placement | Checksum: 1a472be69

Time (s): cpu = 00:00:33 ; elapsed = 00:00:32 . Memory (MB): peak = 1497.730 ; gain = 172.766

Phase 3.6 Re-assign LUT pins
Phase 3.6 Re-assign LUT pins | Checksum: 14a5a94cc

Time (s): cpu = 00:00:34 ; elapsed = 00:00:32 . Memory (MB): peak = 1497.730 ; gain = 172.766

Phase 3.7 Pipeline Register Optimization
Phase 3.7 Pipeline Register Optimization | Checksum: 18cd3b3c4

Time (s): cpu = 00:00:34 ; elapsed = 00:00:32 . Memory (MB): peak = 1497.730 ; gain = 172.766
Phase 3 Detail Placement | Checksum: 18cd3b3c4

Time (s): cpu = 00:00:34 ; elapsed = 00:00:32 . Memory (MB): peak = 1497.730 ; gain = 172.766

Phase 4 Post Placement Optimization and Clean-Up

Phase 4.1 Post Commit Optimization
INFO: [Timing 38-35] Done setting XDC timing constraints.
