#-----------------------------------------------------------
# Vivado v2018.3 (64-bit)
# SW Build 2405991 on Thu Dec  6 23:38:27 MST 2018
# IP Build 2404404 on Fri Dec  7 01:43:56 MST 2018
# Start of session at: Sun Aug  3 10:01:01 2025
# Process ID: 20256
# Current directory: D:/personal_archive/2025summer/Computer_Design_and_Practice/my_cpu/my_single_cpu/proj_single_cycle
# Command line: vivado.exe -gui_launcher_event rodinguilauncherevent22700 D:\personal_archive\2025summer\Computer_Design_and_Practice\my_cpu\my_single_cpu\proj_single_cycle\proj_single_cycle.xpr
# Log file: D:/personal_archive/2025summer/Computer_Design_and_Practice/my_cpu/my_single_cpu/proj_single_cycle/vivado.log
# Journal file: D:/personal_archive/2025summer/Computer_Design_and_Practice/my_cpu/my_single_cpu/proj_single_cycle\vivado.jou
#-----------------------------------------------------------
start_guioopen_project D:/personal_archive/2025summer/Computer_Design_and_Practice/my_cpu/my_single_cpu/proj_single_cycle/proj_single_cycle.xpr
INFO: [ProjectBase 1-489] The host OS only allows 260 characters in a normal path. The project is stored in a path with more than 80 characters. If you experience issues with IP, Block Designs, or files not being found, please consider moving the project to a location with a shorter path. Alternately consider using the OS subst command to map part of the path to a drive letter.
Current project path is 'D:/personal_archive/2025summer/Computer_Design_and_Practice/my_cpu/my_single_cpu/proj_single_cycle'SScanning sources...FFinished scanning sourcesIINFO: [IP_Flow 19-234] Refreshing IP repositories
INFO: [IP_Flow 19-1704] No user IP repositories specifiedINFO: [IP_Flow 19-2313] Loaded Vivado IP repository 'D:/Xilinx/Vivado/2018.3/data/ip'.
update_compile_order -fileset sources_1
open_run impl_1
INFO: [Netlist 29-17] Analyzing 3298 Unisim elements for replacement
INFO: [Netlist 29-28] Unisim Transformation completed in 1 CPU seconds
INFO: [Project 1-479] Netlist was created with Vivado 2018.3
INFO: [Device 21-403] Loading part xc7a100tfgg484-1
INFO: [Project 1-570] Preparing netlist for logic optimization
INFO: [Timing 38-478] Restoring timing data from binary archive.
INFO: [Timing 38-479] Binary timing data restore complete.
INFO: [Project 1-856] Restoring constraints from binary archive.
INFO: [Project 1-853] Binary constraint restore complete.
Reading XDEF placement.
Reading placer database...
Reading XDEF routing.
Read XDEF File: Time (s): cpu = 00:00:01 ; elapsed = 00:00:00.952 . Memory (MB): peak = 1673.832 ; gain = 21.750
Restored from archive | CPU: 1.000000 secs | Memory: 0.000000 MB |
Finished XDEF File Restore: Time (s): cpu = 00:00:01 ; elapsed = 00:00:00.952 . Memory (MB): peak = 1673.832 ; gain = 21.750
Netlist sorting complete. Time (s): cpu = 00:00:00 ; elapsed = 00:00:00.005 . Memory (MB): peak = 1673.879 ; gain = 0.000
INFO: [Project 1-111] Unisim Transformation Summary:
  A total of 2060 instances were transformed.
  RAM256X1S => RAM256X1S (MUXF7, MUXF7, MUXF8, RAMS64E, RAMS64E, RAMS64E, RAMS64E): 2048 instances
  RAM32M => RAM32M (RAMD32, RAMD32, RAMD32, RAMD32, RAMD32, RAMD32, RAMS32, RAMS32): 12 instances

open_run: Time (s): cpu = 00:00:10 ; elapsed = 00:00:12 . Memory (MB): peak = 1798.645 ; gain = 1059.914
CRITICAL WARNING: [Timing 38-282] The design failed to meet the timing requirements. Please see the timing summary report for details on the timing violations.
close_design
open_run synth_1 -name synth_1
Design is defaulting to impl run constrset: constrs_1
Design is defaulting to synth run part: xc7a100tfgg484-1
INFO: [Project 1-454] Reading design checkpoint 'd:/personal_archive/2025summer/Computer_Design_and_Practice/my_cpu/my_single_cpu/proj_single_cycle/proj_single_cycle.srcs/sources_1/ip/cpuclk/cpuclk.dcp' for cell 'Clkgen'
INFO: [Project 1-454] Reading design checkpoint 'd:/personal_archive/2025summer/Computer_Design_and_Practice/my_cpu/my_single_cpu/proj_single_cycle/proj_single_cycle.srcs/sources_1/ip/DRAM/DRAM.dcp' for cell 'Mem_DRAM'
INFO: [Project 1-454] Reading design checkpoint 'd:/personal_archive/2025summer/Computer_Design_and_Practice/my_cpu/my_single_cpu/proj_single_cycle/proj_single_cycle.srcs/sources_1/ip/IROM/IROM.dcp' for cell 'Mem_IROM'
INFO: [Netlist 29-17] Analyzing 3298 Unisim elements for replacement
INFO: [Netlist 29-28] Unisim Transformation completed in 1 CPU seconds
INFO: [Project 1-479] Netlist was created with Vivado 2018.3
INFO: [Project 1-570] Preparing netlist for logic optimization
Parsing XDC File [d:/personal_archive/2025summer/Computer_Design_and_Practice/my_cpu/my_single_cpu/proj_single_cycle/proj_single_cycle.srcs/sources_1/ip/cpuclk/cpuclk_board.xdc] for cell 'Clkgen/inst'
Finished Parsing XDC File [d:/personal_archive/2025summer/Computer_Design_and_Practice/my_cpu/my_single_cpu/proj_single_cycle/proj_single_cycle.srcs/sources_1/ip/cpuclk/cpuclk_board.xdc] for cell 'Clkgen/inst'
Parsing XDC File [d:/personal_archive/2025summer/Computer_Design_and_Practice/my_cpu/my_single_cpu/proj_single_cycle/proj_single_cycle.srcs/sources_1/ip/cpuclk/cpuclk.xdc] for cell 'Clkgen/inst'
INFO: [Timing 38-35] Done setting XDC timing constraints. [d:/personal_archive/2025summer/Computer_Design_and_Practice/my_cpu/my_single_cpu/proj_single_cycle/proj_single_cycle.srcs/sources_1/ip/cpuclk/cpuclk.xdc:57]
INFO: [Timing 38-2] Deriving generated clocks [d:/personal_archive/2025summer/Computer_Design_and_Practice/my_cpu/my_single_cpu/proj_single_cycle/proj_single_cycle.srcs/sources_1/ip/cpuclk/cpuclk.xdc:57]
Finished Parsing XDC File [d:/personal_archive/2025summer/Computer_Design_and_Practice/my_cpu/my_single_cpu/proj_single_cycle/proj_single_cycle.srcs/sources_1/ip/cpuclk/cpuclk.xdc] for cell 'Clkgen/inst'
Parsing XDC File [D:/personal_archive/2025summer/Computer_Design_and_Practice/my_cpu/my_single_cpu/proj_single_cycle/proj_single_cycle.srcs/constrs_1/new/miniRV_clock.xdc]
WARNING: [Constraints 18-619] A clock with name 'fpga_clk' already exists, overwriting the previous clock with the same name. [D:/personal_archive/2025summer/Computer_Design_and_Practice/my_cpu/my_single_cpu/proj_single_cycle/proj_single_cycle.srcs/constrs_1/new/miniRV_clock.xdc:2]
Finished Parsing XDC File [D:/personal_archive/2025summer/Computer_Design_and_Practice/my_cpu/my_single_cpu/proj_single_cycle/proj_single_cycle.srcs/constrs_1/new/miniRV_clock.xdc]
Parsing XDC File [D:/personal_archive/2025summer/Computer_Design_and_Practice/my_cpu/my_single_cpu/proj_single_cycle/proj_single_cycle.srcs/constrs_1/new/miniRV_SoC.xdc]
Finished Parsing XDC File [D:/personal_archive/2025summer/Computer_Design_and_Practice/my_cpu/my_single_cpu/proj_single_cycle/proj_single_cycle.srcs/constrs_1/new/miniRV_SoC.xdc]
INFO: [Opt 31-138] Pushed 0 inverter(s) to 0 load pin(s).
Netlist sorting complete. Time (s): cpu = 00:00:00 ; elapsed = 00:00:00.005 . Memory (MB): peak = 2101.746 ; gain = 0.000
INFO: [Project 1-111] Unisim Transformation Summary:
  A total of 2060 instances were transformed.
  RAM256X1S => RAM256X1S (MUXF7, MUXF7, MUXF8, RAMS64E, RAMS64E, RAMS64E, RAMS64E): 2048 instances
  RAM32M => RAM32M (RAMD32, RAMD32, RAMD32, RAMD32, RAMD32, RAMD32, RAMS32, RAMS32): 12 instances

