#-----------------------------------------------------------
# Vivado v2018.3 (64-bit)
# SW Build 2405991 on Thu Dec  6 23:38:27 MST 2018
# IP Build 2404404 on Fri Dec  7 01:43:56 MST 2018
# Start of session at: Wed Jul 16 16:33:55 2025
# Process ID: 18468
# Current directory: F:/Experiment/hitsz_cpu_design/Lab2/proj_miniRV_minisys/proj_single_cycle
# Command line: vivado.exe -gui_launcher_event rodinguilauncherevent20648 F:\Experiment\hitsz_cpu_design\Lab2\proj_miniRV_minisys\proj_single_cycle\proj_single_cycle.xpr
# Log file: F:/Experiment/hitsz_cpu_design/Lab2/proj_miniRV_minisys/proj_single_cycle/vivado.log
# Journal file: F:/Experiment/hitsz_cpu_design/Lab2/proj_miniRV_minisys/proj_single_cycle\vivado.jou
#-----------------------------------------------------------
start_gui
open_project F:/Experiment/hitsz_cpu_design/Lab2/proj_miniRV_minisys/proj_single_cycle/proj_single_cycle.xpr
Scanning sources...
Finished scanning sources
INFO: [IP_Flow 19-234] Refreshing IP repositories
INFO: [IP_Flow 19-1704] No user IP repositories specified
INFO: [IP_Flow 19-2313] Loaded Vivado IP repository 'F:/app/vivado_2018/vivado/Vivado/2018.3/data/ip'.
open_hw
update_compile_order -fileset sources_1
connect_hw_server
INFO: [Labtools 27-2285] Connecting to hw_server url TCP:localhost:3121
INFO: [Labtools 27-2222] Launching hw_server...
INFO: [Labtools 27-2221] Launch Output:

****** Xilinx hw_server v2018.3
  **** Build date : Dec  7 2018-00:40:27
    ** Copyright 1986-2018 Xilinx, Inc. All Rights Reserved.


open_hw_target
INFO: [Labtoolstcl 44-466] Opening hw_target localhost:3121/xilinx_tcf/Xilinx/1234-tulA
set_property PROGRAM.FILE {F:/Experiment/hitsz_cpu_design/Lab2/proj_miniRV_minisys/proj_single_cycle/proj_single_cycle.runs/impl_1/miniRV_SoC.bit} [get_hw_devices xc7a100t_0]
current_hw_device [get_hw_devices xc7a100t_0]
refresh_hw_device -update_hw_probes false [lindex [get_hw_devices xc7a100t_0] 0]
INFO: [Labtools 27-1434] Device xc7a100t (JTAG device index = 0) is programmed with a design that has no supported debug core(s) in it.
set_property PROBES.FILE {} [get_hw_devices xc7a100t_0]
set_property FULL_PROBES.FILE {} [get_hw_devices xc7a100t_0]
set_property PROGRAM.FILE {F:/Experiment/hitsz_cpu_design/Lab2/proj_miniRV_minisys/proj_single_cycle/proj_single_cycle.runs/impl_1/miniRV_SoC.bit} [get_hw_devices xc7a100t_0]
program_hw_devices [get_hw_devices xc7a100t_0]
INFO: [Labtools 27-3164] End of startup status: HIGH
refresh_hw_device [lindex [get_hw_devices xc7a100t_0] 0]
INFO: [Labtools 27-1434] Device xc7a100t (JTAG device index = 0) is programmed with a design that has no supported debug core(s) in it.
ERROR: [Labtoolstcl 44-513] HW Target shutdown. Closing target: localhost:3121/xilinx_tcf/Xilinx/1234-tulA
set_property -dict [list CONFIG.coefficient_file {F:/Experiment/hitsz_cpu_design/Lab2/proj_miniRV_minisys/proj_single_cycle/inst_rom.coe}] [get_ips IROM]
INFO: [IP_Flow 19-3484] Absolute path of file 'f:/Experiment/hitsz_cpu_design/Lab2/proj_miniRV_minisys/proj_single_cycle/inst_rom.coe' provided. It will be converted relative to IP Instance files '../../../../inst_rom.coe'
generate_target all [get_files  F:/Experiment/hitsz_cpu_design/Lab2/proj_miniRV_minisys/proj_single_cycle/proj_single_cycle.srcs/sources_1/ip/IROM/IROM.xci]
INFO: [IP_Flow 19-1686] Generating 'Instantiation Template' target for IP 'IROM'...
INFO: [IP_Flow 19-1686] Generating 'Synthesis' target for IP 'IROM'...
INFO: [IP_Flow 19-1686] Generating 'Simulation' target for IP 'IROM'...
INFO: [IP_Flow 19-1686] Generating 'Change Log' target for IP 'IROM'...
catch { config_ip_cache -export [get_ips -all IROM] }
INFO: [IP_Flow 19-4993] Using cached IP synthesis design for IP IROM, cache-ID = 7b9a9d3ae7255aca; cache size = 7.582 MB.
catch { [ delete_ip_run [get_ips -all IROM] ] }
INFO: [Project 1-386] Moving file 'F:/Experiment/hitsz_cpu_design/Lab2/proj_miniRV_minisys/proj_single_cycle/proj_single_cycle.srcs/sources_1/ip/IROM/IROM.xci' from fileset 'IROM' to fileset 'sources_1'.
export_ip_user_files -of_objects [get_files F:/Experiment/hitsz_cpu_design/Lab2/proj_miniRV_minisys/proj_single_cycle/proj_single_cycle.srcs/sources_1/ip/IROM/IROM.xci] -no_script -sync -force -quiet
create_ip_run [get_files -of_objects [get_fileset sources_1] F:/Experiment/hitsz_cpu_design/Lab2/proj_miniRV_minisys/proj_single_cycle/proj_single_cycle.srcs/sources_1/ip/IROM/IROM.xci]
INFO: [Vivado 12-3453] The given sub-design is up-to-date, no action was taken.  If a run is still desired, use the '-force' option for the file:'F:/Experiment/hitsz_cpu_design/Lab2/proj_miniRV_minisys/proj_single_cycle/proj_single_cycle.srcs/sources_1/ip/IROM/IROM.xci'
export_simulation -of_objects [get_files F:/Experiment/hitsz_cpu_design/Lab2/proj_miniRV_minisys/proj_single_cycle/proj_single_cycle.srcs/sources_1/ip/IROM/IROM.xci] -directory F:/Experiment/hitsz_cpu_design/Lab2/proj_miniRV_minisys/proj_single_cycle/proj_single_cycle.ip_user_files/sim_scripts -ip_user_files_dir F:/Experiment/hitsz_cpu_design/Lab2/proj_miniRV_minisys/proj_single_cycle/proj_single_cycle.ip_user_files -ipstatic_source_dir F:/Experiment/hitsz_cpu_design/Lab2/proj_miniRV_minisys/proj_single_cycle/proj_single_cycle.ip_user_files/ipstatic -lib_map_path [list {modelsim=F:/Experiment/hitsz_cpu_design/Lab2/proj_miniRV_minisys/proj_single_cycle/proj_single_cycle.cache/compile_simlib/modelsim} {questa=F:/Experiment/hitsz_cpu_design/Lab2/proj_miniRV_minisys/proj_single_cycle/proj_single_cycle.cache/compile_simlib/questa} {riviera=F:/Experiment/hitsz_cpu_design/Lab2/proj_miniRV_minisys/proj_single_cycle/proj_single_cycle.cache/compile_simlib/riviera} {activehdl=F:/Experiment/hitsz_cpu_design/Lab2/proj_miniRV_minisys/proj_single_cycle/proj_single_cycle.cache/compile_simlib/activehdl}] -use_ip_compiled_libs -force -quiet
reset_run synth_1
update_compile_order -fileset sources_1
launch_runs impl_1 -to_step write_bitstream -jobs 16
INFO: [Vivado 12-4149] The synthesis checkpoint for IP 'F:/Experiment/hitsz_cpu_design/Lab2/proj_miniRV_minisys/proj_single_cycle/proj_single_cycle.srcs/sources_1/ip/IROM/IROM.xci' is already up-to-date
INFO: [Vivado 12-4149] The synthesis checkpoint for IP 'F:/Experiment/hitsz_cpu_design/Lab2/proj_miniRV_minisys/proj_single_cycle/proj_single_cycle.srcs/sources_1/ip/cpuclk/cpuclk.xci' is already up-to-date
[Wed Jul 16 16:35:21 2025] Launched synth_1...
Run output will be captured here: F:/Experiment/hitsz_cpu_design/Lab2/proj_miniRV_minisys/proj_single_cycle/proj_single_cycle.runs/synth_1/runme.log
[Wed Jul 16 16:35:21 2025] Launched impl_1...
Run output will be captured here: F:/Experiment/hitsz_cpu_design/Lab2/proj_miniRV_minisys/proj_single_cycle/proj_single_cycle.runs/impl_1/runme.log
disconnect_hw_server localhost:3121
connect_hw_server
INFO: [Labtools 27-2285] Connecting to hw_server url TCP:localhost:3121
ERROR: [Labtoolstcl 44-494] There is no active target available for server at localhost.
 Targets(s) ", jsn-TUL-1234-tulA" may be locked by another hw_server.
disconnect_hw_server localhost:3121
connect_hw_server
INFO: [Labtools 27-2285] Connecting to hw_server url TCP:localhost:3121
open_hw_target
INFO: [Labtoolstcl 44-466] Opening hw_target localhost:3121/xilinx_tcf/Xilinx/1234-tulA
set_property PROGRAM.FILE {F:/Experiment/hitsz_cpu_design/Lab2/proj_miniRV_minisys/proj_single_cycle/proj_single_cycle.runs/impl_1/miniRV_SoC.bit} [get_hw_devices xc7a100t_0]
current_hw_device [get_hw_devices xc7a100t_0]
refresh_hw_device -update_hw_probes false [lindex [get_hw_devices xc7a100t_0] 0]
INFO: [Labtools 27-1435] Device xc7a100t (JTAG device index = 0) is not programmed (DONE status = 0).
set_property PROBES.FILE {} [get_hw_devices xc7a100t_0]
set_property FULL_PROBES.FILE {} [get_hw_devices xc7a100t_0]
set_property PROGRAM.FILE {F:/Experiment/hitsz_cpu_design/Lab2/proj_miniRV_minisys/proj_single_cycle/proj_single_cycle.runs/impl_1/miniRV_SoC.bit} [get_hw_devices xc7a100t_0]
program_hw_devices [get_hw_devices xc7a100t_0]
INFO: [Labtools 27-3164] End of startup status: HIGH
refresh_hw_device [lindex [get_hw_devices xc7a100t_0] 0]
INFO: [Labtools 27-1434] Device xc7a100t (JTAG device index = 0) is programmed with a design that has no supported debug core(s) in it.
exit
INFO: [Common 17-206] Exiting Vivado at Wed Jul 16 16:42:50 2025...
