#-----------------------------------------------------------
# Vivado v2018.3 (64-bit)
# SW Build 2405991 on Thu Dec  6 23:38:27 MST 2018
# IP Build 2404404 on Fri Dec  7 01:43:56 MST 2018
# Start of session at: Wed Jul 16 18:51:21 2025
# Process ID: 2000
# Current directory: C:/Users/29926/Desktop/demo/proj_single_cycle
# Command line: vivado.exe -gui_launcher_event rodinguilauncherevent21516 C:\Users\29926\Desktop\demo\proj_single_cycle\proj_single_cycle.xpr
# Log file: C:/Users/29926/Desktop/demo/proj_single_cycle/vivado.log
# Journal file: C:/Users/29926/Desktop/demo/proj_single_cycle\vivado.jou
#-----------------------------------------------------------
start_gui
open_project C:/Users/29926/Desktop/demo/proj_single_cycle/proj_single_cycle.xpr
INFO: [Project 1-313] Project file moved from 'F:/Experiment/hitsz_cpu_design/Lab2/proj_miniRV_minisys/proj_single_cycle' since last save.
Scanning sources...
Finished scanning sources
INFO: [IP_Flow 19-234] Refreshing IP repositories
INFO: [IP_Flow 19-1704] No user IP repositories specified
INFO: [IP_Flow 19-2313] Loaded Vivado IP repository 'D:/Xilinx/Vivado/2018.3/data/ip'.
update_compile_order -fileset sources_1
set_property -dict [list CONFIG.coefficient_file {C:/Users/29926/Desktop/demo/proj_single_cycle/IROM_1.coe}] [get_ips IROM]
INFO: [IP_Flow 19-3484] Absolute path of file 'c:/Users/29926/Desktop/demo/proj_single_cycle/IROM_1.coe' provided. It will be converted relative to IP Instance files '../../../../IROM_1.coe'
generate_target all [get_files  C:/Users/29926/Desktop/demo/proj_single_cycle/proj_single_cycle.srcs/sources_1/ip/IROM/IROM.xci]
INFO: [IP_Flow 19-1686] Generating 'Instantiation Template' target for IP 'IROM'...
INFO: [IP_Flow 19-1686] Generating 'Synthesis' target for IP 'IROM'...
INFO: [IP_Flow 19-1686] Generating 'Simulation' target for IP 'IROM'...
INFO: [IP_Flow 19-1686] Generating 'Change Log' target for IP 'IROM'...
catch { config_ip_cache -export [get_ips -all IROM] }
export_ip_user_files -of_objects [get_files C:/Users/29926/Desktop/demo/proj_single_cycle/proj_single_cycle.srcs/sources_1/ip/IROM/IROM.xci] -no_script -sync -force -quiet
create_ip_run [get_files -of_objects [get_fileset sources_1] C:/Users/29926/Desktop/demo/proj_single_cycle/proj_single_cycle.srcs/sources_1/ip/IROM/IROM.xci]
launch_runs -jobs 8 IROM_synth_1
[Wed Jul 16 18:52:02 2025] Launched IROM_synth_1...
Run output will be captured here: C:/Users/29926/Desktop/demo/proj_single_cycle/proj_single_cycle.runs/IROM_synth_1/runme.log
export_simulation -of_objects [get_files C:/Users/29926/Desktop/demo/proj_single_cycle/proj_single_cycle.srcs/sources_1/ip/IROM/IROM.xci] -directory C:/Users/29926/Desktop/demo/proj_single_cycle/proj_single_cycle.ip_user_files/sim_scripts -ip_user_files_dir C:/Users/29926/Desktop/demo/proj_single_cycle/proj_single_cycle.ip_user_files -ipstatic_source_dir C:/Users/29926/Desktop/demo/proj_single_cycle/proj_single_cycle.ip_user_files/ipstatic -lib_map_path [list {modelsim=C:/Users/29926/Desktop/demo/proj_single_cycle/proj_single_cycle.cache/compile_simlib/modelsim} {questa=C:/Users/29926/Desktop/demo/proj_single_cycle/proj_single_cycle.cache/compile_simlib/questa} {riviera=C:/Users/29926/Desktop/demo/proj_single_cycle/proj_single_cycle.cache/compile_simlib/riviera} {activehdl=C:/Users/29926/Desktop/demo/proj_single_cycle/proj_single_cycle.cache/compile_simlib/activehdl}] -use_ip_compiled_libs -force -quiet
exit
INFO: [Common 17-206] Exiting Vivado at Wed Jul 16 19:04:40 2025...
