#-----------------------------------------------------------
# Vivado v2018.3 (64-bit)
# SW Build 2405991 on Thu Dec  6 23:38:27 MST 2018
# IP Build 2404404 on Fri Dec  7 01:43:56 MST 2018
# Start of session at: Mon Jul 14 22:26:01 2025
# Process ID: 19436
# Current directory: F:/Experiment/hitsz_cpu_design/Lab2/proj_miniRV_minisys/proj_single_cycle
# Command line: vivado.exe -gui_launcher_event rodinguilauncherevent23440 F:\Experiment\hitsz_cpu_design\Lab2\proj_miniRV_minisys\proj_single_cycle\proj_single_cycle.xpr
# Log file: F:/Experiment/hitsz_cpu_design/Lab2/proj_miniRV_minisys/proj_single_cycle/vivado.log
# Journal file: F:/Experiment/hitsz_cpu_design/Lab2/proj_miniRV_minisys/proj_single_cycle\vivado.jou
#-----------------------------------------------------------
start_gui
open_project F:/Experiment/hitsz_cpu_design/Lab2/proj_miniRV_minisys/proj_single_cycle/proj_single_cycle.xpr
INFO: [Project 1-313] Project file moved from 'D:/new/proj_single_cycle' since last save.
Scanning sources...
Finished scanning sources
WARNING: [filemgmt 56-2] IPUserFilesDir: Could not find the directory 'F:/Experiment/hitsz_cpu_design/Lab2/proj_miniRV_minisys/proj_single_cycle/proj_single_cycle.ip_user_files', nor could it be found using path 'D:/new/proj_single_cycle/proj_single_cycle.ip_user_files'.
INFO: [IP_Flow 19-234] Refreshing IP repositories
INFO: [IP_Flow 19-1704] No user IP repositories specified
INFO: [IP_Flow 19-2313] Loaded Vivado IP repository 'F:/app/vivado_2018/vivado/Vivado/2018.3/data/ip'.
update_compile_order -fileset sources_1
close [ open F:/Experiment/hitsz_cpu_design/Lab2/proj_miniRV_minisys/proj_single_cycle/proj_single_cycle.srcs/sources_1/new/ID.v w ]
add_files F:/Experiment/hitsz_cpu_design/Lab2/proj_miniRV_minisys/proj_single_cycle/proj_single_cycle.srcs/sources_1/new/ID.v
update_compile_order -fileset sources_1
export_ip_user_files -of_objects  [get_files F:/Experiment/hitsz_cpu_design/Lab2/proj_miniRV_minisys/proj_single_cycle/proj_single_cycle.srcs/sources_1/new/ID.v] -no_script -reset -force -quiet
remove_files  F:/Experiment/hitsz_cpu_design/Lab2/proj_miniRV_minisys/proj_single_cycle/proj_single_cycle.srcs/sources_1/new/ID.v
close [ open F:/Experiment/hitsz_cpu_design/Lab2/proj_miniRV_minisys/proj_single_cycle/proj_single_cycle.srcs/sources_1/new/ALU.v w ]
add_files F:/Experiment/hitsz_cpu_design/Lab2/proj_miniRV_minisys/proj_single_cycle/proj_single_cycle.srcs/sources_1/new/ALU.v
update_compile_order -fileset sources_1
close [ open F:/Experiment/hitsz_cpu_design/Lab2/proj_miniRV_minisys/proj_single_cycle/proj_single_cycle.srcs/sources_1/new/btn.v w ]
add_files F:/Experiment/hitsz_cpu_design/Lab2/proj_miniRV_minisys/proj_single_cycle/proj_single_cycle.srcs/sources_1/new/btn.v
update_compile_order -fileset sources_1
close [ open F:/Experiment/hitsz_cpu_design/Lab2/proj_miniRV_minisys/proj_single_cycle/proj_single_cycle.srcs/sources_1/new/control.v w ]
add_files F:/Experiment/hitsz_cpu_design/Lab2/proj_miniRV_minisys/proj_single_cycle/proj_single_cycle.srcs/sources_1/new/control.v
update_compile_order -fileset sources_1
close [ open F:/Experiment/hitsz_cpu_design/Lab2/proj_miniRV_minisys/proj_single_cycle/proj_single_cycle.srcs/sources_1/new/dig.v w ]
add_files F:/Experiment/hitsz_cpu_design/Lab2/proj_miniRV_minisys/proj_single_cycle/proj_single_cycle.srcs/sources_1/new/dig.v
update_compile_order -fileset sources_1
close [ open F:/Experiment/hitsz_cpu_design/Lab2/proj_miniRV_minisys/proj_single_cycle/proj_single_cycle.srcs/sources_1/new/execute.v w ]
add_files F:/Experiment/hitsz_cpu_design/Lab2/proj_miniRV_minisys/proj_single_cycle/proj_single_cycle.srcs/sources_1/new/execute.v
update_compile_order -fileset sources_1
update_compile_order -fileset sources_1
close [ open F:/Experiment/hitsz_cpu_design/Lab2/proj_miniRV_minisys/proj_single_cycle/proj_single_cycle.srcs/sources_1/new/idecode.v w ]
add_files F:/Experiment/hitsz_cpu_design/Lab2/proj_miniRV_minisys/proj_single_cycle/proj_single_cycle.srcs/sources_1/new/idecode.v
update_compile_order -fileset sources_1
close [ open F:/Experiment/hitsz_cpu_design/Lab2/proj_miniRV_minisys/proj_single_cycle/proj_single_cycle.srcs/sources_1/new/ifetch.v w ]
add_files F:/Experiment/hitsz_cpu_design/Lab2/proj_miniRV_minisys/proj_single_cycle/proj_single_cycle.srcs/sources_1/new/ifetch.v
update_compile_order -fileset sources_1
close [ open F:/Experiment/hitsz_cpu_design/Lab2/proj_miniRV_minisys/proj_single_cycle/proj_single_cycle.srcs/sources_1/new/led.v w ]
add_files F:/Experiment/hitsz_cpu_design/Lab2/proj_miniRV_minisys/proj_single_cycle/proj_single_cycle.srcs/sources_1/new/led.v
update_compile_order -fileset sources_1
close [ open F:/Experiment/hitsz_cpu_design/Lab2/proj_miniRV_minisys/proj_single_cycle/proj_single_cycle.srcs/sources_1/new/memory.v w ]
add_files F:/Experiment/hitsz_cpu_design/Lab2/proj_miniRV_minisys/proj_single_cycle/proj_single_cycle.srcs/sources_1/new/memory.v
update_compile_order -fileset sources_1
close [ open F:/Experiment/hitsz_cpu_design/Lab2/proj_miniRV_minisys/proj_single_cycle/proj_single_cycle.srcs/sources_1/new/NPC.v w ]
add_files F:/Experiment/hitsz_cpu_design/Lab2/proj_miniRV_minisys/proj_single_cycle/proj_single_cycle.srcs/sources_1/new/NPC.v
update_compile_order -fileset sources_1
close [ open F:/Experiment/hitsz_cpu_design/Lab2/proj_miniRV_minisys/proj_single_cycle/proj_single_cycle.srcs/sources_1/new/PC.v w ]
add_files F:/Experiment/hitsz_cpu_design/Lab2/proj_miniRV_minisys/proj_single_cycle/proj_single_cycle.srcs/sources_1/new/PC.v
update_compile_order -fileset sources_1
close [ open F:/Experiment/hitsz_cpu_design/Lab2/proj_miniRV_minisys/proj_single_cycle/proj_single_cycle.srcs/sources_1/new/RF.v w ]
add_files F:/Experiment/hitsz_cpu_design/Lab2/proj_miniRV_minisys/proj_single_cycle/proj_single_cycle.srcs/sources_1/new/RF.v
update_compile_order -fileset sources_1
close [ open F:/Experiment/hitsz_cpu_design/Lab2/proj_miniRV_minisys/proj_single_cycle/proj_single_cycle.srcs/sources_1/new/SEXT.v w ]
add_files F:/Experiment/hitsz_cpu_design/Lab2/proj_miniRV_minisys/proj_single_cycle/proj_single_cycle.srcs/sources_1/new/SEXT.v
update_compile_order -fileset sources_1
close [ open F:/Experiment/hitsz_cpu_design/Lab2/proj_miniRV_minisys/proj_single_cycle/proj_single_cycle.srcs/sources_1/new/sw.v w ]
add_files F:/Experiment/hitsz_cpu_design/Lab2/proj_miniRV_minisys/proj_single_cycle/proj_single_cycle.srcs/sources_1/new/sw.v
update_compile_order -fileset sources_1
close [ open F:/Experiment/hitsz_cpu_design/Lab2/proj_miniRV_minisys/proj_single_cycle/proj_single_cycle.srcs/sources_1/new/timer.v w ]
add_files F:/Experiment/hitsz_cpu_design/Lab2/proj_miniRV_minisys/proj_single_cycle/proj_single_cycle.srcs/sources_1/new/timer.v
update_compile_order -fileset sources_1
create_ip -name clk_wiz -vendor xilinx.com -library ip -version 6.0 -module_name cpuclk -dir f:/Experiment/hitsz_cpu_design/Lab2/proj_miniRV_minisys/proj_single_cycle/proj_single_cycle.srcs/sources_1/ip
set_property -dict [list CONFIG.Component_Name {cpuclk} CONFIG.PRIMITIVE {PLL} CONFIG.CLKOUT1_REQUESTED_OUT_FREQ {25} CONFIG.USE_RESET {false} CONFIG.CLKOUT1_DRIVES {BUFG} CONFIG.CLKOUT2_DRIVES {BUFG} CONFIG.CLKOUT3_DRIVES {BUFG} CONFIG.CLKOUT4_DRIVES {BUFG} CONFIG.CLKOUT5_DRIVES {BUFG} CONFIG.CLKOUT6_DRIVES {BUFG} CONFIG.CLKOUT7_DRIVES {BUFG} CONFIG.MMCM_DIVCLK_DIVIDE {4} CONFIG.MMCM_CLKFBOUT_MULT_F {33} CONFIG.MMCM_COMPENSATION {ZHOLD} CONFIG.MMCM_CLKOUT0_DIVIDE_F {33} CONFIG.CLKOUT1_JITTER {352.369} CONFIG.CLKOUT1_PHASE_ERROR {261.747}] [get_ips cpuclk]
WARNING: [Vivado 12-3523] Attempt to change 'Component_Name' from 'cpuclk' to 'cpuclk' is not allowed and is ignored.
generate_target {instantiation_template} [get_files f:/Experiment/hitsz_cpu_design/Lab2/proj_miniRV_minisys/proj_single_cycle/proj_single_cycle.srcs/sources_1/ip/cpuclk/cpuclk.xci]
INFO: [IP_Flow 19-1686] Generating 'Instantiation Template' target for IP 'cpuclk'...
generate_target all [get_files  f:/Experiment/hitsz_cpu_design/Lab2/proj_miniRV_minisys/proj_single_cycle/proj_single_cycle.srcs/sources_1/ip/cpuclk/cpuclk.xci]
INFO: [IP_Flow 19-1686] Generating 'Synthesis' target for IP 'cpuclk'...
INFO: [IP_Flow 19-1686] Generating 'Simulation' target for IP 'cpuclk'...
INFO: [IP_Flow 19-1686] Generating 'Implementation' target for IP 'cpuclk'...
INFO: [IP_Flow 19-1686] Generating 'Change Log' target for IP 'cpuclk'...
catch { config_ip_cache -export [get_ips -all cpuclk] }
export_ip_user_files -of_objects [get_files f:/Experiment/hitsz_cpu_design/Lab2/proj_miniRV_minisys/proj_single_cycle/proj_single_cycle.srcs/sources_1/ip/cpuclk/cpuclk.xci] -no_script -sync -force -quiet
create_ip_run [get_files -of_objects [get_fileset sources_1] f:/Experiment/hitsz_cpu_design/Lab2/proj_miniRV_minisys/proj_single_cycle/proj_single_cycle.srcs/sources_1/ip/cpuclk/cpuclk.xci]
launch_runs -jobs 16 cpuclk_synth_1
[Mon Jul 14 22:58:25 2025] Launched cpuclk_synth_1...
Run output will be captured here: F:/Experiment/hitsz_cpu_design/Lab2/proj_miniRV_minisys/proj_single_cycle/proj_single_cycle.runs/cpuclk_synth_1/runme.log
export_simulation -of_objects [get_files f:/Experiment/hitsz_cpu_design/Lab2/proj_miniRV_minisys/proj_single_cycle/proj_single_cycle.srcs/sources_1/ip/cpuclk/cpuclk.xci] -directory F:/Experiment/hitsz_cpu_design/Lab2/proj_miniRV_minisys/proj_single_cycle/proj_single_cycle.ip_user_files/sim_scripts -ip_user_files_dir F:/Experiment/hitsz_cpu_design/Lab2/proj_miniRV_minisys/proj_single_cycle/proj_single_cycle.ip_user_files -ipstatic_source_dir F:/Experiment/hitsz_cpu_design/Lab2/proj_miniRV_minisys/proj_single_cycle/proj_single_cycle.ip_user_files/ipstatic -lib_map_path [list {modelsim=F:/Experiment/hitsz_cpu_design/Lab2/proj_miniRV_minisys/proj_single_cycle/proj_single_cycle.cache/compile_simlib/modelsim} {questa=F:/Experiment/hitsz_cpu_design/Lab2/proj_miniRV_minisys/proj_single_cycle/proj_single_cycle.cache/compile_simlib/questa} {riviera=F:/Experiment/hitsz_cpu_design/Lab2/proj_miniRV_minisys/proj_single_cycle/proj_single_cycle.cache/compile_simlib/riviera} {activehdl=F:/Experiment/hitsz_cpu_design/Lab2/proj_miniRV_minisys/proj_single_cycle/proj_single_cycle.cache/compile_simlib/activehdl}] -use_ip_compiled_libs -force -quiet
create_ip -name dist_mem_gen -vendor xilinx.com -library ip -version 8.0 -module_name IROM -dir f:/Experiment/hitsz_cpu_design/Lab2/proj_miniRV_minisys/proj_single_cycle/proj_single_cycle.srcs/sources_1/ip
set_property -dict [list CONFIG.depth {16384} CONFIG.data_width {32} CONFIG.Component_Name {IROM} CONFIG.memory_type {rom}] [get_ips IROM]
WARNING: [Vivado 12-3523] Attempt to change 'Component_Name' from 'IROM' to 'IROM' is not allowed and is ignored.
generate_target {instantiation_template} [get_files f:/Experiment/hitsz_cpu_design/Lab2/proj_miniRV_minisys/proj_single_cycle/proj_single_cycle.srcs/sources_1/ip/IROM/IROM.xci]
INFO: [IP_Flow 19-1686] Generating 'Instantiation Template' target for IP 'IROM'...
generate_target all [get_files  f:/Experiment/hitsz_cpu_design/Lab2/proj_miniRV_minisys/proj_single_cycle/proj_single_cycle.srcs/sources_1/ip/IROM/IROM.xci]
INFO: [IP_Flow 19-1686] Generating 'Synthesis' target for IP 'IROM'...
INFO: [IP_Flow 19-1686] Generating 'Simulation' target for IP 'IROM'...
INFO: [IP_Flow 19-1686] Generating 'Change Log' target for IP 'IROM'...
catch { config_ip_cache -export [get_ips -all IROM] }
export_ip_user_files -of_objects [get_files f:/Experiment/hitsz_cpu_design/Lab2/proj_miniRV_minisys/proj_single_cycle/proj_single_cycle.srcs/sources_1/ip/IROM/IROM.xci] -no_script -sync -force -quiet
create_ip_run [get_files -of_objects [get_fileset sources_1] f:/Experiment/hitsz_cpu_design/Lab2/proj_miniRV_minisys/proj_single_cycle/proj_single_cycle.srcs/sources_1/ip/IROM/IROM.xci]
launch_runs -jobs 16 IROM_synth_1
[Mon Jul 14 22:59:58 2025] Launched IROM_synth_1...
Run output will be captured here: F:/Experiment/hitsz_cpu_design/Lab2/proj_miniRV_minisys/proj_single_cycle/proj_single_cycle.runs/IROM_synth_1/runme.log
export_simulation -of_objects [get_files f:/Experiment/hitsz_cpu_design/Lab2/proj_miniRV_minisys/proj_single_cycle/proj_single_cycle.srcs/sources_1/ip/IROM/IROM.xci] -directory F:/Experiment/hitsz_cpu_design/Lab2/proj_miniRV_minisys/proj_single_cycle/proj_single_cycle.ip_user_files/sim_scripts -ip_user_files_dir F:/Experiment/hitsz_cpu_design/Lab2/proj_miniRV_minisys/proj_single_cycle/proj_single_cycle.ip_user_files -ipstatic_source_dir F:/Experiment/hitsz_cpu_design/Lab2/proj_miniRV_minisys/proj_single_cycle/proj_single_cycle.ip_user_files/ipstatic -lib_map_path [list {modelsim=F:/Experiment/hitsz_cpu_design/Lab2/proj_miniRV_minisys/proj_single_cycle/proj_single_cycle.cache/compile_simlib/modelsim} {questa=F:/Experiment/hitsz_cpu_design/Lab2/proj_miniRV_minisys/proj_single_cycle/proj_single_cycle.cache/compile_simlib/questa} {riviera=F:/Experiment/hitsz_cpu_design/Lab2/proj_miniRV_minisys/proj_single_cycle/proj_single_cycle.cache/compile_simlib/riviera} {activehdl=F:/Experiment/hitsz_cpu_design/Lab2/proj_miniRV_minisys/proj_single_cycle/proj_single_cycle.cache/compile_simlib/activehdl}] -use_ip_compiled_libs -force -quiet
set_property -dict [list CONFIG.coefficient_file {F:/Experiment/hitsz_cpu_design/Lab2/proj_miniRV_minisys/proj_single_cycle/inst_rom.coe}] [get_ips IROM]
INFO: [IP_Flow 19-3484] Absolute path of file 'f:/Experiment/hitsz_cpu_design/Lab2/proj_miniRV_minisys/proj_single_cycle/inst_rom.coe' provided. It will be converted relative to IP Instance files '../../../../inst_rom.coe'
generate_target all [get_files  f:/Experiment/hitsz_cpu_design/Lab2/proj_miniRV_minisys/proj_single_cycle/proj_single_cycle.srcs/sources_1/ip/IROM/IROM.xci]
INFO: [IP_Flow 19-1686] Generating 'Instantiation Template' target for IP 'IROM'...
INFO: [IP_Flow 19-1686] Generating 'Synthesis' target for IP 'IROM'...
INFO: [IP_Flow 19-1686] Generating 'Simulation' target for IP 'IROM'...
INFO: [IP_Flow 19-1686] Generating 'Change Log' target for IP 'IROM'...
catch { config_ip_cache -export [get_ips -all IROM] }
export_ip_user_files -of_objects [get_files f:/Experiment/hitsz_cpu_design/Lab2/proj_miniRV_minisys/proj_single_cycle/proj_single_cycle.srcs/sources_1/ip/IROM/IROM.xci] -no_script -sync -force -quiet
reset_run IROM_synth_1
launch_runs -jobs 16 IROM_synth_1
[Mon Jul 14 23:03:24 2025] Launched IROM_synth_1...
Run output will be captured here: F:/Experiment/hitsz_cpu_design/Lab2/proj_miniRV_minisys/proj_single_cycle/proj_single_cycle.runs/IROM_synth_1/runme.log
export_simulation -of_objects [get_files f:/Experiment/hitsz_cpu_design/Lab2/proj_miniRV_minisys/proj_single_cycle/proj_single_cycle.srcs/sources_1/ip/IROM/IROM.xci] -directory F:/Experiment/hitsz_cpu_design/Lab2/proj_miniRV_minisys/proj_single_cycle/proj_single_cycle.ip_user_files/sim_scripts -ip_user_files_dir F:/Experiment/hitsz_cpu_design/Lab2/proj_miniRV_minisys/proj_single_cycle/proj_single_cycle.ip_user_files -ipstatic_source_dir F:/Experiment/hitsz_cpu_design/Lab2/proj_miniRV_minisys/proj_single_cycle/proj_single_cycle.ip_user_files/ipstatic -lib_map_path [list {modelsim=F:/Experiment/hitsz_cpu_design/Lab2/proj_miniRV_minisys/proj_single_cycle/proj_single_cycle.cache/compile_simlib/modelsim} {questa=F:/Experiment/hitsz_cpu_design/Lab2/proj_miniRV_minisys/proj_single_cycle/proj_single_cycle.cache/compile_simlib/questa} {riviera=F:/Experiment/hitsz_cpu_design/Lab2/proj_miniRV_minisys/proj_single_cycle/proj_single_cycle.cache/compile_simlib/riviera} {activehdl=F:/Experiment/hitsz_cpu_design/Lab2/proj_miniRV_minisys/proj_single_cycle/proj_single_cycle.cache/compile_simlib/activehdl}] -use_ip_compiled_libs -force -quiet
create_ip -name dist_mem_gen -vendor xilinx.com -library ip -version 8.0 -module_name DRAM -dir f:/Experiment/hitsz_cpu_design/Lab2/proj_miniRV_minisys/proj_single_cycle/proj_single_cycle.srcs/sources_1/ip
set_property -dict [list CONFIG.depth {16384} CONFIG.data_width {32} CONFIG.Component_Name {DRAM} CONFIG.coefficient_file {F:/Experiment/hitsz_cpu_design/Lab2/proj_miniRV_minisys/proj_single_cycle/data_ram.coe}] [get_ips DRAM]
WARNING: [Vivado 12-3523] Attempt to change 'Component_Name' from 'DRAM' to 'DRAM' is not allowed and is ignored.
INFO: [IP_Flow 19-3484] Absolute path of file 'f:/Experiment/hitsz_cpu_design/Lab2/proj_miniRV_minisys/proj_single_cycle/data_ram.coe' provided. It will be converted relative to IP Instance files '../../../../data_ram.coe'
generate_target {instantiation_template} [get_files f:/Experiment/hitsz_cpu_design/Lab2/proj_miniRV_minisys/proj_single_cycle/proj_single_cycle.srcs/sources_1/ip/DRAM/DRAM.xci]
INFO: [IP_Flow 19-1686] Generating 'Instantiation Template' target for IP 'DRAM'...
generate_target all [get_files  f:/Experiment/hitsz_cpu_design/Lab2/proj_miniRV_minisys/proj_single_cycle/proj_single_cycle.srcs/sources_1/ip/DRAM/DRAM.xci]
INFO: [IP_Flow 19-1686] Generating 'Synthesis' target for IP 'DRAM'...
INFO: [IP_Flow 19-1686] Generating 'Simulation' target for IP 'DRAM'...
INFO: [IP_Flow 19-1686] Generating 'Change Log' target for IP 'DRAM'...
catch { config_ip_cache -export [get_ips -all DRAM] }
export_ip_user_files -of_objects [get_files f:/Experiment/hitsz_cpu_design/Lab2/proj_miniRV_minisys/proj_single_cycle/proj_single_cycle.srcs/sources_1/ip/DRAM/DRAM.xci] -no_script -sync -force -quiet
create_ip_run [get_files -of_objects [get_fileset sources_1] f:/Experiment/hitsz_cpu_design/Lab2/proj_miniRV_minisys/proj_single_cycle/proj_single_cycle.srcs/sources_1/ip/DRAM/DRAM.xci]
launch_runs -jobs 16 DRAM_synth_1
[Mon Jul 14 23:04:00 2025] Launched DRAM_synth_1...
Run output will be captured here: F:/Experiment/hitsz_cpu_design/Lab2/proj_miniRV_minisys/proj_single_cycle/proj_single_cycle.runs/DRAM_synth_1/runme.log
export_simulation -of_objects [get_files f:/Experiment/hitsz_cpu_design/Lab2/proj_miniRV_minisys/proj_single_cycle/proj_single_cycle.srcs/sources_1/ip/DRAM/DRAM.xci] -directory F:/Experiment/hitsz_cpu_design/Lab2/proj_miniRV_minisys/proj_single_cycle/proj_single_cycle.ip_user_files/sim_scripts -ip_user_files_dir F:/Experiment/hitsz_cpu_design/Lab2/proj_miniRV_minisys/proj_single_cycle/proj_single_cycle.ip_user_files -ipstatic_source_dir F:/Experiment/hitsz_cpu_design/Lab2/proj_miniRV_minisys/proj_single_cycle/proj_single_cycle.ip_user_files/ipstatic -lib_map_path [list {modelsim=F:/Experiment/hitsz_cpu_design/Lab2/proj_miniRV_minisys/proj_single_cycle/proj_single_cycle.cache/compile_simlib/modelsim} {questa=F:/Experiment/hitsz_cpu_design/Lab2/proj_miniRV_minisys/proj_single_cycle/proj_single_cycle.cache/compile_simlib/questa} {riviera=F:/Experiment/hitsz_cpu_design/Lab2/proj_miniRV_minisys/proj_single_cycle/proj_single_cycle.cache/compile_simlib/riviera} {activehdl=F:/Experiment/hitsz_cpu_design/Lab2/proj_miniRV_minisys/proj_single_cycle/proj_single_cycle.cache/compile_simlib/activehdl}] -use_ip_compiled_libs -force -quiet
launch_runs impl_1 -to_step write_bitstream -jobs 16
[Mon Jul 14 23:04:14 2025] Launched IROM_synth_1, DRAM_synth_1, synth_1...
Run output will be captured here:
IROM_synth_1: F:/Experiment/hitsz_cpu_design/Lab2/proj_miniRV_minisys/proj_single_cycle/proj_single_cycle.runs/IROM_synth_1/runme.log
DRAM_synth_1: F:/Experiment/hitsz_cpu_design/Lab2/proj_miniRV_minisys/proj_single_cycle/proj_single_cycle.runs/DRAM_synth_1/runme.log
synth_1: F:/Experiment/hitsz_cpu_design/Lab2/proj_miniRV_minisys/proj_single_cycle/proj_single_cycle.runs/synth_1/runme.log
[Mon Jul 14 23:04:14 2025] Launched impl_1...
Run output will be captured here: F:/Experiment/hitsz_cpu_design/Lab2/proj_miniRV_minisys/proj_single_cycle/proj_single_cycle.runs/impl_1/runme.log
open_hw
connect_hw_server
INFO: [Labtools 27-2285] Connecting to hw_server url TCP:localhost:3121
INFO: [Labtools 27-2222] Launching hw_server...
INFO: [Labtools 27-2221] Launch Output:

****** Xilinx hw_server v2018.3
  **** Build date : Dec  7 2018-00:40:27
    ** Copyright 1986-2018 Xilinx, Inc. All Rights Reserved.


open_hw_target
INFO: [Labtoolstcl 44-466] Opening hw_target localhost:3121/xilinx_tcf/Xilinx/1234-tulA
set_property PROGRAM.FILE {F:/Experiment/hitsz_cpu_design/Lab2/proj_miniRV_minisys/proj_single_cycle/proj_single_cycle.runs/impl_1/miniRV_SoC.bit} [get_hw_devices xc7a100t_0]
current_hw_device [get_hw_devices xc7a100t_0]
refresh_hw_device -update_hw_probes false [lindex [get_hw_devices xc7a100t_0] 0]
INFO: [Labtools 27-1434] Device xc7a100t (JTAG device index = 0) is programmed with a design that has no supported debug core(s) in it.
set_property PROBES.FILE {} [get_hw_devices xc7a100t_0]
set_property FULL_PROBES.FILE {} [get_hw_devices xc7a100t_0]
set_property PROGRAM.FILE {F:/Experiment/hitsz_cpu_design/Lab2/proj_miniRV_minisys/proj_single_cycle/proj_single_cycle.runs/impl_1/miniRV_SoC.bit} [get_hw_devices xc7a100t_0]
program_hw_devices [get_hw_devices xc7a100t_0]
INFO: [Labtools 27-3164] End of startup status: HIGH
refresh_hw_device [lindex [get_hw_devices xc7a100t_0] 0]
INFO: [Labtools 27-1434] Device xc7a100t (JTAG device index = 0) is programmed with a design that has no supported debug core(s) in it.
set_property -dict [list CONFIG.coefficient_file {F:/Experiment/hitsz_cpu_design/Lab2/proj_miniRV_minisys/proj_single_cycle/IROM_1.coe}] [get_ips IROM]
INFO: [IP_Flow 19-3484] Absolute path of file 'f:/Experiment/hitsz_cpu_design/Lab2/proj_miniRV_minisys/proj_single_cycle/IROM_1.coe' provided. It will be converted relative to IP Instance files '../../../../IROM_1.coe'
generate_target all [get_files  f:/Experiment/hitsz_cpu_design/Lab2/proj_miniRV_minisys/proj_single_cycle/proj_single_cycle.srcs/sources_1/ip/IROM/IROM.xci]
INFO: [IP_Flow 19-1686] Generating 'Instantiation Template' target for IP 'IROM'...
INFO: [IP_Flow 19-1686] Generating 'Synthesis' target for IP 'IROM'...
INFO: [IP_Flow 19-1686] Generating 'Simulation' target for IP 'IROM'...
INFO: [IP_Flow 19-1686] Generating 'Change Log' target for IP 'IROM'...
catch { config_ip_cache -export [get_ips -all IROM] }
export_ip_user_files -of_objects [get_files f:/Experiment/hitsz_cpu_design/Lab2/proj_miniRV_minisys/proj_single_cycle/proj_single_cycle.srcs/sources_1/ip/IROM/IROM.xci] -no_script -sync -force -quiet
reset_run IROM_synth_1
launch_runs -jobs 16 IROM_synth_1
[Mon Jul 14 23:15:55 2025] Launched IROM_synth_1...
Run output will be captured here: F:/Experiment/hitsz_cpu_design/Lab2/proj_miniRV_minisys/proj_single_cycle/proj_single_cycle.runs/IROM_synth_1/runme.log
export_simulation -of_objects [get_files f:/Experiment/hitsz_cpu_design/Lab2/proj_miniRV_minisys/proj_single_cycle/proj_single_cycle.srcs/sources_1/ip/IROM/IROM.xci] -directory F:/Experiment/hitsz_cpu_design/Lab2/proj_miniRV_minisys/proj_single_cycle/proj_single_cycle.ip_user_files/sim_scripts -ip_user_files_dir F:/Experiment/hitsz_cpu_design/Lab2/proj_miniRV_minisys/proj_single_cycle/proj_single_cycle.ip_user_files -ipstatic_source_dir F:/Experiment/hitsz_cpu_design/Lab2/proj_miniRV_minisys/proj_single_cycle/proj_single_cycle.ip_user_files/ipstatic -lib_map_path [list {modelsim=F:/Experiment/hitsz_cpu_design/Lab2/proj_miniRV_minisys/proj_single_cycle/proj_single_cycle.cache/compile_simlib/modelsim} {questa=F:/Experiment/hitsz_cpu_design/Lab2/proj_miniRV_minisys/proj_single_cycle/proj_single_cycle.cache/compile_simlib/questa} {riviera=F:/Experiment/hitsz_cpu_design/Lab2/proj_miniRV_minisys/proj_single_cycle/proj_single_cycle.cache/compile_simlib/riviera} {activehdl=F:/Experiment/hitsz_cpu_design/Lab2/proj_miniRV_minisys/proj_single_cycle/proj_single_cycle.cache/compile_simlib/activehdl}] -use_ip_compiled_libs -force -quiet
reset_run synth_1
WARNING: [Vivado 12-1017] Problems encountered:
1. Failed to delete one or more files in run directory F:/Experiment/hitsz_cpu_design/Lab2/proj_miniRV_minisys/proj_single_cycle/proj_single_cycle.runs/synth_1

launch_runs impl_1 -to_step write_bitstream -jobs 16
[Mon Jul 14 23:16:02 2025] Launched IROM_synth_1, synth_1...
Run output will be captured here:
IROM_synth_1: F:/Experiment/hitsz_cpu_design/Lab2/proj_miniRV_minisys/proj_single_cycle/proj_single_cycle.runs/IROM_synth_1/runme.log
synth_1: F:/Experiment/hitsz_cpu_design/Lab2/proj_miniRV_minisys/proj_single_cycle/proj_single_cycle.runs/synth_1/runme.log
[Mon Jul 14 23:16:02 2025] Launched impl_1...
Run output will be captured here: F:/Experiment/hitsz_cpu_design/Lab2/proj_miniRV_minisys/proj_single_cycle/proj_single_cycle.runs/impl_1/runme.log
set_property PROBES.FILE {} [get_hw_devices xc7a100t_0]
set_property FULL_PROBES.FILE {} [get_hw_devices xc7a100t_0]
set_property PROGRAM.FILE {F:/Experiment/hitsz_cpu_design/Lab2/proj_miniRV_minisys/proj_single_cycle/proj_single_cycle.runs/impl_1/miniRV_SoC.bit} [get_hw_devices xc7a100t_0]
program_hw_devices [get_hw_devices xc7a100t_0]
INFO: [Labtools 27-3164] End of startup status: HIGH
refresh_hw_device [lindex [get_hw_devices xc7a100t_0] 0]
INFO: [Labtools 27-1434] Device xc7a100t (JTAG device index = 0) is programmed with a design that has no supported debug core(s) in it.
set_property -dict [list CONFIG.CLKOUT1_REQUESTED_OUT_FREQ {7} CONFIG.MMCM_DIVCLK_DIVIDE {5} CONFIG.MMCM_CLKFBOUT_MULT_F {42} CONFIG.MMCM_CLKOUT0_DIVIDE_F {120} CONFIG.CLKOUT1_JITTER {459.723} CONFIG.CLKOUT1_PHASE_ERROR {310.955}] [get_ips cpuclk]
generate_target all [get_files  f:/Experiment/hitsz_cpu_design/Lab2/proj_miniRV_minisys/proj_single_cycle/proj_single_cycle.srcs/sources_1/ip/cpuclk/cpuclk.xci]
INFO: [IP_Flow 19-1686] Generating 'Instantiation Template' target for IP 'cpuclk'...
INFO: [IP_Flow 19-1686] Generating 'Synthesis' target for IP 'cpuclk'...
INFO: [IP_Flow 19-1686] Generating 'Simulation' target for IP 'cpuclk'...
INFO: [IP_Flow 19-1686] Generating 'Implementation' target for IP 'cpuclk'...
INFO: [IP_Flow 19-1686] Generating 'Change Log' target for IP 'cpuclk'...
catch { config_ip_cache -export [get_ips -all cpuclk] }
export_ip_user_files -of_objects [get_files f:/Experiment/hitsz_cpu_design/Lab2/proj_miniRV_minisys/proj_single_cycle/proj_single_cycle.srcs/sources_1/ip/cpuclk/cpuclk.xci] -no_script -sync -force -quiet
reset_run cpuclk_synth_1
launch_runs -jobs 16 cpuclk_synth_1
[Mon Jul 14 23:25:57 2025] Launched cpuclk_synth_1...
Run output will be captured here: F:/Experiment/hitsz_cpu_design/Lab2/proj_miniRV_minisys/proj_single_cycle/proj_single_cycle.runs/cpuclk_synth_1/runme.log
export_simulation -of_objects [get_files f:/Experiment/hitsz_cpu_design/Lab2/proj_miniRV_minisys/proj_single_cycle/proj_single_cycle.srcs/sources_1/ip/cpuclk/cpuclk.xci] -directory F:/Experiment/hitsz_cpu_design/Lab2/proj_miniRV_minisys/proj_single_cycle/proj_single_cycle.ip_user_files/sim_scripts -ip_user_files_dir F:/Experiment/hitsz_cpu_design/Lab2/proj_miniRV_minisys/proj_single_cycle/proj_single_cycle.ip_user_files -ipstatic_source_dir F:/Experiment/hitsz_cpu_design/Lab2/proj_miniRV_minisys/proj_single_cycle/proj_single_cycle.ip_user_files/ipstatic -lib_map_path [list {modelsim=F:/Experiment/hitsz_cpu_design/Lab2/proj_miniRV_minisys/proj_single_cycle/proj_single_cycle.cache/compile_simlib/modelsim} {questa=F:/Experiment/hitsz_cpu_design/Lab2/proj_miniRV_minisys/proj_single_cycle/proj_single_cycle.cache/compile_simlib/questa} {riviera=F:/Experiment/hitsz_cpu_design/Lab2/proj_miniRV_minisys/proj_single_cycle/proj_single_cycle.cache/compile_simlib/riviera} {activehdl=F:/Experiment/hitsz_cpu_design/Lab2/proj_miniRV_minisys/proj_single_cycle/proj_single_cycle.cache/compile_simlib/activehdl}] -use_ip_compiled_libs -force -quiet
reset_run synth_1
WARNING: [Vivado 12-1017] Problems encountered:
1. Failed to delete one or more files in run directory F:/Experiment/hitsz_cpu_design/Lab2/proj_miniRV_minisys/proj_single_cycle/proj_single_cycle.runs/synth_1

launch_runs impl_1 -to_step write_bitstream -jobs 16
[Mon Jul 14 23:26:04 2025] Launched cpuclk_synth_1, synth_1...
Run output will be captured here:
cpuclk_synth_1: F:/Experiment/hitsz_cpu_design/Lab2/proj_miniRV_minisys/proj_single_cycle/proj_single_cycle.runs/cpuclk_synth_1/runme.log
synth_1: F:/Experiment/hitsz_cpu_design/Lab2/proj_miniRV_minisys/proj_single_cycle/proj_single_cycle.runs/synth_1/runme.log
[Mon Jul 14 23:26:04 2025] Launched impl_1...
Run output will be captured here: F:/Experiment/hitsz_cpu_design/Lab2/proj_miniRV_minisys/proj_single_cycle/proj_single_cycle.runs/impl_1/runme.log
set_property PROBES.FILE {} [get_hw_devices xc7a100t_0]
set_property FULL_PROBES.FILE {} [get_hw_devices xc7a100t_0]
set_property PROGRAM.FILE {F:/Experiment/hitsz_cpu_design/Lab2/proj_miniRV_minisys/proj_single_cycle/proj_single_cycle.runs/impl_1/miniRV_SoC.bit} [get_hw_devices xc7a100t_0]
program_hw_devices [get_hw_devices xc7a100t_0]
INFO: [Labtools 27-3164] End of startup status: HIGH
refresh_hw_device [lindex [get_hw_devices xc7a100t_0] 0]
INFO: [Labtools 27-1434] Device xc7a100t (JTAG device index = 0) is programmed with a design that has no supported debug core(s) in it.
set_property -dict [list CONFIG.CLKOUT1_REQUESTED_OUT_FREQ {25} CONFIG.MMCM_DIVCLK_DIVIDE {4} CONFIG.MMCM_CLKFBOUT_MULT_F {33} CONFIG.MMCM_CLKOUT0_DIVIDE_F {33} CONFIG.CLKOUT1_JITTER {352.369} CONFIG.CLKOUT1_PHASE_ERROR {261.747}] [get_ips cpuclk]
generate_target all [get_files  f:/Experiment/hitsz_cpu_design/Lab2/proj_miniRV_minisys/proj_single_cycle/proj_single_cycle.srcs/sources_1/ip/cpuclk/cpuclk.xci]
INFO: [IP_Flow 19-1686] Generating 'Instantiation Template' target for IP 'cpuclk'...
INFO: [IP_Flow 19-1686] Generating 'Synthesis' target for IP 'cpuclk'...
INFO: [IP_Flow 19-1686] Generating 'Simulation' target for IP 'cpuclk'...
INFO: [IP_Flow 19-1686] Generating 'Implementation' target for IP 'cpuclk'...
INFO: [IP_Flow 19-1686] Generating 'Change Log' target for IP 'cpuclk'...
catch { config_ip_cache -export [get_ips -all cpuclk] }
INFO: [IP_Flow 19-4993] Using cached IP synthesis design for IP cpuclk, cache-ID = c899a1716e084d58; cache size = 7.582 MB.
catch { [ delete_ip_run [get_ips -all cpuclk] ] }
INFO: [Project 1-386] Moving file 'f:/Experiment/hitsz_cpu_design/Lab2/proj_miniRV_minisys/proj_single_cycle/proj_single_cycle.srcs/sources_1/ip/cpuclk/cpuclk.xci' from fileset 'cpuclk' to fileset 'sources_1'.
export_ip_user_files -of_objects [get_files f:/Experiment/hitsz_cpu_design/Lab2/proj_miniRV_minisys/proj_single_cycle/proj_single_cycle.srcs/sources_1/ip/cpuclk/cpuclk.xci] -no_script -sync -force -quiet
create_ip_run [get_files -of_objects [get_fileset sources_1] f:/Experiment/hitsz_cpu_design/Lab2/proj_miniRV_minisys/proj_single_cycle/proj_single_cycle.srcs/sources_1/ip/cpuclk/cpuclk.xci]
INFO: [Vivado 12-3453] The given sub-design is up-to-date, no action was taken.  If a run is still desired, use the '-force' option for the file:'f:/Experiment/hitsz_cpu_design/Lab2/proj_miniRV_minisys/proj_single_cycle/proj_single_cycle.srcs/sources_1/ip/cpuclk/cpuclk.xci'
export_simulation -of_objects [get_files f:/Experiment/hitsz_cpu_design/Lab2/proj_miniRV_minisys/proj_single_cycle/proj_single_cycle.srcs/sources_1/ip/cpuclk/cpuclk.xci] -directory F:/Experiment/hitsz_cpu_design/Lab2/proj_miniRV_minisys/proj_single_cycle/proj_single_cycle.ip_user_files/sim_scripts -ip_user_files_dir F:/Experiment/hitsz_cpu_design/Lab2/proj_miniRV_minisys/proj_single_cycle/proj_single_cycle.ip_user_files -ipstatic_source_dir F:/Experiment/hitsz_cpu_design/Lab2/proj_miniRV_minisys/proj_single_cycle/proj_single_cycle.ip_user_files/ipstatic -lib_map_path [list {modelsim=F:/Experiment/hitsz_cpu_design/Lab2/proj_miniRV_minisys/proj_single_cycle/proj_single_cycle.cache/compile_simlib/modelsim} {questa=F:/Experiment/hitsz_cpu_design/Lab2/proj_miniRV_minisys/proj_single_cycle/proj_single_cycle.cache/compile_simlib/questa} {riviera=F:/Experiment/hitsz_cpu_design/Lab2/proj_miniRV_minisys/proj_single_cycle/proj_single_cycle.cache/compile_simlib/riviera} {activehdl=F:/Experiment/hitsz_cpu_design/Lab2/proj_miniRV_minisys/proj_single_cycle/proj_single_cycle.cache/compile_simlib/activehdl}] -use_ip_compiled_libs -force -quiet
update_compile_order -fileset sources_1
exit
INFO: [Common 17-206] Exiting Vivado at Mon Jul 14 23:30:35 2025...
