#-----------------------------------------------------------
# Vivado v2018.3 (64-bit)
# SW Build 2405991 on Thu Dec  6 23:38:27 MST 2018
# IP Build 2404404 on Fri Dec  7 01:43:56 MST 2018
# Start of session at: Fri Jul 18 09:39:54 2025
# Process ID: 25032
# Current directory: D:/personal_archive/2025summer/my_cpu/microRVCPU/my_pipeline_cpu/proj_pipeline
# Command line: vivado.exe -gui_launcher_event rodinguilauncherevent22064 D:\personal_archive\2025summer\my_cpu\microRVCPU\my_pipeline_cpu\proj_pipeline\proj_pipeline.xpr
# Log file: D:/personal_archive/2025summer/my_cpu/microRVCPU/my_pipeline_cpu/proj_pipeline/vivado.log
# Journal file: D:/personal_archive/2025summer/my_cpu/microRVCPU/my_pipeline_cpu/proj_pipeline\vivado.jou
#-----------------------------------------------------------
start_gui
open_project D:/personal_archive/2025summer/my_cpu/microRVCPU/my_pipeline_cpu/proj_pipeline/proj_pipeline.xpr
Scanning sources...
Finished scanning sources
WARNING: [filemgmt 56-3] IPUserFilesDir: Could not find the directory 'D:/personal_archive/2025summer/my_cpu/microRVCPU/my_pipeline_cpu/proj_pipeline/proj_pipeline.ip_user_files'.
INFO: [IP_Flow 19-234] Refreshing IP repositories
INFO: [IP_Flow 19-1704] No user IP repositories specified
INFO: [IP_Flow 19-2313] Loaded Vivado IP repository 'D:/Xilinx/Vivado/2018.3/data/ip'.
update_compile_order -fileset sources_1
close [ open D:/personal_archive/2025summer/my_cpu/microRVCPU/my_pipeline_cpu/proj_pipeline/proj_pipeline.srcs/sources_1/new/ALU.v w ]
add_files D:/personal_archive/2025summer/my_cpu/microRVCPU/my_pipeline_cpu/proj_pipeline/proj_pipeline.srcs/sources_1/new/ALU.v
update_compile_order -fileset sources_1
exit
INFO: [Common 17-206] Exiting Vivado at Fri Jul 18 09:46:36 2025...
