#-----------------------------------------------------------
# Vivado v2018.3 (64-bit)
# SW Build 2405991 on Thu Dec  6 23:38:27 MST 2018
# IP Build 2404404 on Fri Dec  7 01:43:56 MST 2018
# Start of session at: Fri Jul 18 09:50:27 2025
# Process ID: 15580
# Current directory: D:/personal_archive/2025summer/my_cpu/microRVCPU/my_pipeline_cpu/proj_pipeline
# Command line: vivado.exe -gui_launcher_event rodinguilauncherevent19484 D:\personal_archive\2025summer\my_cpu\microRVCPU\my_pipeline_cpu\proj_pipeline\proj_pipeline.xpr
# Log file: D:/personal_archive/2025summer/my_cpu/microRVCPU/my_pipeline_cpu/proj_pipeline/vivado.log
# Journal file: D:/personal_archive/2025summer/my_cpu/microRVCPU/my_pipeline_cpu/proj_pipeline\vivado.jou
#-----------------------------------------------------------
start_gui
open_project D:/personal_archive/2025summer/my_cpu/microRVCPU/my_pipeline_cpu/proj_pipeline/proj_pipeline.xpr
Scanning sources...
Finished scanning sources
WARNING: [filemgmt 56-3] IPUserFilesDir: Could not find the directory 'D:/personal_archive/2025summer/my_cpu/microRVCPU/my_pipeline_cpu/proj_pipeline/proj_pipeline.ip_user_files'.
INFO: [IP_Flow 19-234] Refreshing IP repositories
INFO: [IP_Flow 19-1704] No user IP repositories specified
INFO: [IP_Flow 19-2313] Loaded Vivado IP repository 'D:/Xilinx/Vivado/2018.3/data/ip'.
update_compile_order -fileset sources_1
create_ip -name clk_wiz -vendor xilinx.com -library ip -version 6.0 -module_name cpuclk -dir d:/personal_archive/2025summer/my_cpu/microRVCPU/my_pipeline_cpu/proj_pipeline/proj_pipeline.srcs/sources_1/ip
set_property -dict [list CONFIG.Component_Name {cpuclk} CONFIG.PRIMITIVE {PLL} CONFIG.CLKOUT1_REQUESTED_OUT_FREQ {50} CONFIG.USE_RESET {false} CONFIG.CLKOUT1_DRIVES {BUFG} CONFIG.CLKOUT2_DRIVES {BUFG} CONFIG.CLKOUT3_DRIVES {BUFG} CONFIG.CLKOUT4_DRIVES {BUFG} CONFIG.CLKOUT5_DRIVES {BUFG} CONFIG.CLKOUT6_DRIVES {BUFG} CONFIG.CLKOUT7_DRIVES {BUFG} CONFIG.MMCM_DIVCLK_DIVIDE {2} CONFIG.MMCM_CLKFBOUT_MULT_F {17} CONFIG.MMCM_COMPENSATION {ZHOLD} CONFIG.MMCM_CLKOUT0_DIVIDE_F {17} CONFIG.CLKOUT1_JITTER {203.457} CONFIG.CLKOUT1_PHASE_ERROR {155.540}] [get_ips cpuclk]
WARNING: [Vivado 12-3523] Attempt to change 'Component_Name' from 'cpuclk' to 'cpuclk' is not allowed and is ignored.
generate_target {instantiation_template} [get_files d:/personal_archive/2025summer/my_cpu/microRVCPU/my_pipeline_cpu/proj_pipeline/proj_pipeline.srcs/sources_1/ip/cpuclk/cpuclk.xci]
INFO: [IP_Flow 19-1686] Generating 'Instantiation Template' target for IP 'cpuclk'...
generate_target all [get_files  d:/personal_archive/2025summer/my_cpu/microRVCPU/my_pipeline_cpu/proj_pipeline/proj_pipeline.srcs/sources_1/ip/cpuclk/cpuclk.xci]
INFO: [IP_Flow 19-1686] Generating 'Synthesis' target for IP 'cpuclk'...
INFO: [IP_Flow 19-1686] Generating 'Simulation' target for IP 'cpuclk'...
INFO: [IP_Flow 19-1686] Generating 'Implementation' target for IP 'cpuclk'...
INFO: [IP_Flow 19-1686] Generating 'Change Log' target for IP 'cpuclk'...
catch { config_ip_cache -export [get_ips -all cpuclk] }
export_ip_user_files -of_objects [get_files d:/personal_archive/2025summer/my_cpu/microRVCPU/my_pipeline_cpu/proj_pipeline/proj_pipeline.srcs/sources_1/ip/cpuclk/cpuclk.xci] -no_script -sync -force -quiet
create_ip_run [get_files -of_objects [get_fileset sources_1] d:/personal_archive/2025summer/my_cpu/microRVCPU/my_pipeline_cpu/proj_pipeline/proj_pipeline.srcs/sources_1/ip/cpuclk/cpuclk.xci]
launch_runs -jobs 8 cpuclk_synth_1
[Fri Jul 18 09:52:21 2025] Launched cpuclk_synth_1...
Run output will be captured here: D:/personal_archive/2025summer/my_cpu/microRVCPU/my_pipeline_cpu/proj_pipeline/proj_pipeline.runs/cpuclk_synth_1/runme.log
export_simulation -of_objects [get_files d:/personal_archive/2025summer/my_cpu/microRVCPU/my_pipeline_cpu/proj_pipeline/proj_pipeline.srcs/sources_1/ip/cpuclk/cpuclk.xci] -directory D:/personal_archive/2025summer/my_cpu/microRVCPU/my_pipeline_cpu/proj_pipeline/proj_pipeline.ip_user_files/sim_scripts -ip_user_files_dir D:/personal_archive/2025summer/my_cpu/microRVCPU/my_pipeline_cpu/proj_pipeline/proj_pipeline.ip_user_files -ipstatic_source_dir D:/personal_archive/2025summer/my_cpu/microRVCPU/my_pipeline_cpu/proj_pipeline/proj_pipeline.ip_user_files/ipstatic -lib_map_path [list {modelsim=D:/personal_archive/2025summer/my_cpu/microRVCPU/my_pipeline_cpu/proj_pipeline/proj_pipeline.cache/compile_simlib/modelsim} {questa=D:/personal_archive/2025summer/my_cpu/microRVCPU/my_pipeline_cpu/proj_pipeline/proj_pipeline.cache/compile_simlib/questa} {riviera=D:/personal_archive/2025summer/my_cpu/microRVCPU/my_pipeline_cpu/proj_pipeline/proj_pipeline.cache/compile_simlib/riviera} {activehdl=D:/personal_archive/2025summer/my_cpu/microRVCPU/my_pipeline_cpu/proj_pipeline/proj_pipeline.cache/compile_simlib/activehdl}] -use_ip_compiled_libs -force -quiet
create_ip -name dist_mem_gen -vendor xilinx.com -library ip -version 8.0 -module_name IROM -dir d:/personal_archive/2025summer/my_cpu/microRVCPU/my_pipeline_cpu/proj_pipeline/proj_pipeline.srcs/sources_1/ip
set_property -dict [list CONFIG.depth {16384} CONFIG.data_width {32} CONFIG.Component_Name {IROM} CONFIG.memory_type {rom}] [get_ips IROM]
WARNING: [Vivado 12-3523] Attempt to change 'Component_Name' from 'IROM' to 'IROM' is not allowed and is ignored.
generate_target {instantiation_template} [get_files d:/personal_archive/2025summer/my_cpu/microRVCPU/my_pipeline_cpu/proj_pipeline/proj_pipeline.srcs/sources_1/ip/IROM/IROM.xci]
INFO: [IP_Flow 19-1686] Generating 'Instantiation Template' target for IP 'IROM'...
generate_target all [get_files  d:/personal_archive/2025summer/my_cpu/microRVCPU/my_pipeline_cpu/proj_pipeline/proj_pipeline.srcs/sources_1/ip/IROM/IROM.xci]
INFO: [IP_Flow 19-1686] Generating 'Synthesis' target for IP 'IROM'...
INFO: [IP_Flow 19-1686] Generating 'Simulation' target for IP 'IROM'...
INFO: [IP_Flow 19-1686] Generating 'Change Log' target for IP 'IROM'...
catch { config_ip_cache -export [get_ips -all IROM] }
export_ip_user_files -of_objects [get_files d:/personal_archive/2025summer/my_cpu/microRVCPU/my_pipeline_cpu/proj_pipeline/proj_pipeline.srcs/sources_1/ip/IROM/IROM.xci] -no_script -sync -force -quiet
create_ip_run [get_files -of_objects [get_fileset sources_1] d:/personal_archive/2025summer/my_cpu/microRVCPU/my_pipeline_cpu/proj_pipeline/proj_pipeline.srcs/sources_1/ip/IROM/IROM.xci]
launch_runs -jobs 8 IROM_synth_1
[Fri Jul 18 09:55:07 2025] Launched IROM_synth_1...
Run output will be captured here: D:/personal_archive/2025summer/my_cpu/microRVCPU/my_pipeline_cpu/proj_pipeline/proj_pipeline.runs/IROM_synth_1/runme.log
export_simulation -of_objects [get_files d:/personal_archive/2025summer/my_cpu/microRVCPU/my_pipeline_cpu/proj_pipeline/proj_pipeline.srcs/sources_1/ip/IROM/IROM.xci] -directory D:/personal_archive/2025summer/my_cpu/microRVCPU/my_pipeline_cpu/proj_pipeline/proj_pipeline.ip_user_files/sim_scripts -ip_user_files_dir D:/personal_archive/2025summer/my_cpu/microRVCPU/my_pipeline_cpu/proj_pipeline/proj_pipeline.ip_user_files -ipstatic_source_dir D:/personal_archive/2025summer/my_cpu/microRVCPU/my_pipeline_cpu/proj_pipeline/proj_pipeline.ip_user_files/ipstatic -lib_map_path [list {modelsim=D:/personal_archive/2025summer/my_cpu/microRVCPU/my_pipeline_cpu/proj_pipeline/proj_pipeline.cache/compile_simlib/modelsim} {questa=D:/personal_archive/2025summer/my_cpu/microRVCPU/my_pipeline_cpu/proj_pipeline/proj_pipeline.cache/compile_simlib/questa} {riviera=D:/personal_archive/2025summer/my_cpu/microRVCPU/my_pipeline_cpu/proj_pipeline/proj_pipeline.cache/compile_simlib/riviera} {activehdl=D:/personal_archive/2025summer/my_cpu/microRVCPU/my_pipeline_cpu/proj_pipeline/proj_pipeline.cache/compile_simlib/activehdl}] -use_ip_compiled_libs -force -quiet
create_ip -name dist_mem_gen -vendor xilinx.com -library ip -version 8.0 -module_name DRAM -dir d:/personal_archive/2025summer/my_cpu/microRVCPU/my_pipeline_cpu/proj_pipeline/proj_pipeline.srcs/sources_1/ip
set_property -dict [list CONFIG.depth {16384} CONFIG.data_width {32} CONFIG.Component_Name {DRAM}] [get_ips DRAM]
WARNING: [Vivado 12-3523] Attempt to change 'Component_Name' from 'DRAM' to 'DRAM' is not allowed and is ignored.
generate_target {instantiation_template} [get_files d:/personal_archive/2025summer/my_cpu/microRVCPU/my_pipeline_cpu/proj_pipeline/proj_pipeline.srcs/sources_1/ip/DRAM/DRAM.xci]
INFO: [IP_Flow 19-1686] Generating 'Instantiation Template' target for IP 'DRAM'...
generate_target all [get_files  d:/personal_archive/2025summer/my_cpu/microRVCPU/my_pipeline_cpu/proj_pipeline/proj_pipeline.srcs/sources_1/ip/DRAM/DRAM.xci]
INFO: [IP_Flow 19-1686] Generating 'Synthesis' target for IP 'DRAM'...
INFO: [IP_Flow 19-1686] Generating 'Simulation' target for IP 'DRAM'...
INFO: [IP_Flow 19-1686] Generating 'Change Log' target for IP 'DRAM'...
catch { config_ip_cache -export [get_ips -all DRAM] }
export_ip_user_files -of_objects [get_files d:/personal_archive/2025summer/my_cpu/microRVCPU/my_pipeline_cpu/proj_pipeline/proj_pipeline.srcs/sources_1/ip/DRAM/DRAM.xci] -no_script -sync -force -quiet
create_ip_run [get_files -of_objects [get_fileset sources_1] d:/personal_archive/2025summer/my_cpu/microRVCPU/my_pipeline_cpu/proj_pipeline/proj_pipeline.srcs/sources_1/ip/DRAM/DRAM.xci]
launch_runs -jobs 8 DRAM_synth_1
[Fri Jul 18 09:56:46 2025] Launched DRAM_synth_1...
Run output will be captured here: D:/personal_archive/2025summer/my_cpu/microRVCPU/my_pipeline_cpu/proj_pipeline/proj_pipeline.runs/DRAM_synth_1/runme.log
export_simulation -of_objects [get_files d:/personal_archive/2025summer/my_cpu/microRVCPU/my_pipeline_cpu/proj_pipeline/proj_pipeline.srcs/sources_1/ip/DRAM/DRAM.xci] -directory D:/personal_archive/2025summer/my_cpu/microRVCPU/my_pipeline_cpu/proj_pipeline/proj_pipeline.ip_user_files/sim_scripts -ip_user_files_dir D:/personal_archive/2025summer/my_cpu/microRVCPU/my_pipeline_cpu/proj_pipeline/proj_pipeline.ip_user_files -ipstatic_source_dir D:/personal_archive/2025summer/my_cpu/microRVCPU/my_pipeline_cpu/proj_pipeline/proj_pipeline.ip_user_files/ipstatic -lib_map_path [list {modelsim=D:/personal_archive/2025summer/my_cpu/microRVCPU/my_pipeline_cpu/proj_pipeline/proj_pipeline.cache/compile_simlib/modelsim} {questa=D:/personal_archive/2025summer/my_cpu/microRVCPU/my_pipeline_cpu/proj_pipeline/proj_pipeline.cache/compile_simlib/questa} {riviera=D:/personal_archive/2025summer/my_cpu/microRVCPU/my_pipeline_cpu/proj_pipeline/proj_pipeline.cache/compile_simlib/riviera} {activehdl=D:/personal_archive/2025summer/my_cpu/microRVCPU/my_pipeline_cpu/proj_pipeline/proj_pipeline.cache/compile_simlib/activehdl}] -use_ip_compiled_libs -force -quiet
set_property -dict [list CONFIG.coefficient_file {D:/personal_archive/2025summer/my_cpu/microRVCPU/my_pipeline_cpu/proj_pipeline/inst_rom.coe}] [get_ips IROM]
INFO: [IP_Flow 19-3484] Absolute path of file 'd:/personal_archive/2025summer/my_cpu/microRVCPU/my_pipeline_cpu/proj_pipeline/inst_rom.coe' provided. It will be converted relative to IP Instance files '../../../../inst_rom.coe'
generate_target all [get_files  d:/personal_archive/2025summer/my_cpu/microRVCPU/my_pipeline_cpu/proj_pipeline/proj_pipeline.srcs/sources_1/ip/IROM/IROM.xci]
INFO: [IP_Flow 19-1686] Generating 'Instantiation Template' target for IP 'IROM'...
INFO: [IP_Flow 19-1686] Generating 'Synthesis' target for IP 'IROM'...
INFO: [IP_Flow 19-1686] Generating 'Simulation' target for IP 'IROM'...
INFO: [IP_Flow 19-1686] Generating 'Change Log' target for IP 'IROM'...
catch { config_ip_cache -export [get_ips -all IROM] }
export_ip_user_files -of_objects [get_files d:/personal_archive/2025summer/my_cpu/microRVCPU/my_pipeline_cpu/proj_pipeline/proj_pipeline.srcs/sources_1/ip/IROM/IROM.xci] -no_script -sync -force -quiet
reset_run IROM_synth_1
launch_runs -jobs 8 IROM_synth_1
[Fri Jul 18 09:59:28 2025] Launched IROM_synth_1...
Run output will be captured here: D:/personal_archive/2025summer/my_cpu/microRVCPU/my_pipeline_cpu/proj_pipeline/proj_pipeline.runs/IROM_synth_1/runme.log
export_simulation -of_objects [get_files d:/personal_archive/2025summer/my_cpu/microRVCPU/my_pipeline_cpu/proj_pipeline/proj_pipeline.srcs/sources_1/ip/IROM/IROM.xci] -directory D:/personal_archive/2025summer/my_cpu/microRVCPU/my_pipeline_cpu/proj_pipeline/proj_pipeline.ip_user_files/sim_scripts -ip_user_files_dir D:/personal_archive/2025summer/my_cpu/microRVCPU/my_pipeline_cpu/proj_pipeline/proj_pipeline.ip_user_files -ipstatic_source_dir D:/personal_archive/2025summer/my_cpu/microRVCPU/my_pipeline_cpu/proj_pipeline/proj_pipeline.ip_user_files/ipstatic -lib_map_path [list {modelsim=D:/personal_archive/2025summer/my_cpu/microRVCPU/my_pipeline_cpu/proj_pipeline/proj_pipeline.cache/compile_simlib/modelsim} {questa=D:/personal_archive/2025summer/my_cpu/microRVCPU/my_pipeline_cpu/proj_pipeline/proj_pipeline.cache/compile_simlib/questa} {riviera=D:/personal_archive/2025summer/my_cpu/microRVCPU/my_pipeline_cpu/proj_pipeline/proj_pipeline.cache/compile_simlib/riviera} {activehdl=D:/personal_archive/2025summer/my_cpu/microRVCPU/my_pipeline_cpu/proj_pipeline/proj_pipeline.cache/compile_simlib/activehdl}] -use_ip_compiled_libs -force -quiet
set_property -dict [list CONFIG.coefficient_file {D:/personal_archive/2025summer/my_cpu/microRVCPU/my_pipeline_cpu/proj_pipeline/data_ram.coe}] [get_ips DRAM]
INFO: [IP_Flow 19-3484] Absolute path of file 'd:/personal_archive/2025summer/my_cpu/microRVCPU/my_pipeline_cpu/proj_pipeline/data_ram.coe' provided. It will be converted relative to IP Instance files '../../../../data_ram.coe'
generate_target all [get_files  d:/personal_archive/2025summer/my_cpu/microRVCPU/my_pipeline_cpu/proj_pipeline/proj_pipeline.srcs/sources_1/ip/DRAM/DRAM.xci]
INFO: [IP_Flow 19-1686] Generating 'Instantiation Template' target for IP 'DRAM'...
INFO: [IP_Flow 19-1686] Generating 'Synthesis' target for IP 'DRAM'...
INFO: [IP_Flow 19-1686] Generating 'Simulation' target for IP 'DRAM'...
INFO: [IP_Flow 19-1686] Generating 'Change Log' target for IP 'DRAM'...
catch { config_ip_cache -export [get_ips -all DRAM] }
export_ip_user_files -of_objects [get_files d:/personal_archive/2025summer/my_cpu/microRVCPU/my_pipeline_cpu/proj_pipeline/proj_pipeline.srcs/sources_1/ip/DRAM/DRAM.xci] -no_script -sync -force -quiet
reset_run DRAM_synth_1
WARNING: [Vivado 12-1017] Problems encountered:
1. Failed to delete one or more files in run directory D:/personal_archive/2025summer/my_cpu/microRVCPU/my_pipeline_cpu/proj_pipeline/proj_pipeline.runs/DRAM_synth_1

launch_runs -jobs 8 DRAM_synth_1
[Fri Jul 18 09:59:40 2025] Launched DRAM_synth_1...
Run output will be captured here: D:/personal_archive/2025summer/my_cpu/microRVCPU/my_pipeline_cpu/proj_pipeline/proj_pipeline.runs/DRAM_synth_1/runme.log
export_simulation -of_objects [get_files d:/personal_archive/2025summer/my_cpu/microRVCPU/my_pipeline_cpu/proj_pipeline/proj_pipeline.srcs/sources_1/ip/DRAM/DRAM.xci] -directory D:/personal_archive/2025summer/my_cpu/microRVCPU/my_pipeline_cpu/proj_pipeline/proj_pipeline.ip_user_files/sim_scripts -ip_user_files_dir D:/personal_archive/2025summer/my_cpu/microRVCPU/my_pipeline_cpu/proj_pipeline/proj_pipeline.ip_user_files -ipstatic_source_dir D:/personal_archive/2025summer/my_cpu/microRVCPU/my_pipeline_cpu/proj_pipeline/proj_pipeline.ip_user_files/ipstatic -lib_map_path [list {modelsim=D:/personal_archive/2025summer/my_cpu/microRVCPU/my_pipeline_cpu/proj_pipeline/proj_pipeline.cache/compile_simlib/modelsim} {questa=D:/personal_archive/2025summer/my_cpu/microRVCPU/my_pipeline_cpu/proj_pipeline/proj_pipeline.cache/compile_simlib/questa} {riviera=D:/personal_archive/2025summer/my_cpu/microRVCPU/my_pipeline_cpu/proj_pipeline/proj_pipeline.cache/compile_simlib/riviera} {activehdl=D:/personal_archive/2025summer/my_cpu/microRVCPU/my_pipeline_cpu/proj_pipeline/proj_pipeline.cache/compile_simlib/activehdl}] -use_ip_compiled_libs -force -quiet
open_hw
connect_hw_server
INFO: [Labtools 27-2285] Connecting to hw_server url TCP:localhost:3121
INFO: [Labtools 27-2222] Launching hw_server...
INFO: [Labtools 27-2221] Launch Output:

****** Xilinx hw_server v2018.3
  **** Build date : Dec  7 2018-00:40:27
    ** Copyright 1986-2018 Xilinx, Inc. All Rights Reserved.


connect_hw_server: Time (s): cpu = 00:00:01 ; elapsed = 00:00:05 . Memory (MB): peak = 981.430 ; gain = 0.000
open_hw_target
INFO: [Labtoolstcl 44-466] Opening hw_target localhost:3121/xilinx_tcf/Xilinx/1234-tulA
current_hw_device [get_hw_devices xc7a100t_0]
refresh_hw_device -update_hw_probes false [lindex [get_hw_devices xc7a100t_0] 0]
INFO: [Labtools 27-1434] Device xc7a100t (JTAG device index = 0) is programmed with a design that has no supported debug core(s) in it.
launch_runs impl_1 -to_step write_bitstream -jobs 8
[Fri Jul 18 10:07:53 2025] Launched synth_1...
Run output will be captured here: D:/personal_archive/2025summer/my_cpu/microRVCPU/my_pipeline_cpu/proj_pipeline/proj_pipeline.runs/synth_1/runme.log
[Fri Jul 18 10:07:53 2025] Launched impl_1...
Run output will be captured here: D:/personal_archive/2025summer/my_cpu/microRVCPU/my_pipeline_cpu/proj_pipeline/proj_pipeline.runs/impl_1/runme.log
set_property PROBES.FILE {} [get_hw_devices xc7a100t_0]
set_property FULL_PROBES.FILE {} [get_hw_devices xc7a100t_0]
set_property PROGRAM.FILE {D:/personal_archive/2025summer/my_cpu/microRVCPU/my_pipeline_cpu/proj_pipeline/proj_pipeline.runs/impl_1/miniRV_SoC.bit} [get_hw_devices xc7a100t_0]
program_hw_devices [get_hw_devices xc7a100t_0]
INFO: [Labtools 27-3164] End of startup status: HIGH
refresh_hw_device [lindex [get_hw_devices xc7a100t_0] 0]
INFO: [Labtools 27-1434] Device xc7a100t (JTAG device index = 0) is programmed with a design that has no supported debug core(s) in it.
set_property -dict [list CONFIG.coefficient_file {D:/personal_archive/2025summer/my_cpu/microRVCPU/my_pipeline_cpu/proj_pipeline/IROM_1.coe}] [get_ips IROM]
INFO: [IP_Flow 19-3484] Absolute path of file 'd:/personal_archive/2025summer/my_cpu/microRVCPU/my_pipeline_cpu/proj_pipeline/IROM_1.coe' provided. It will be converted relative to IP Instance files '../../../../IROM_1.coe'
generate_target all [get_files  d:/personal_archive/2025summer/my_cpu/microRVCPU/my_pipeline_cpu/proj_pipeline/proj_pipeline.srcs/sources_1/ip/IROM/IROM.xci]
INFO: [IP_Flow 19-1686] Generating 'Instantiation Template' target for IP 'IROM'...
INFO: [IP_Flow 19-1686] Generating 'Synthesis' target for IP 'IROM'...
INFO: [IP_Flow 19-1686] Generating 'Simulation' target for IP 'IROM'...
INFO: [IP_Flow 19-1686] Generating 'Change Log' target for IP 'IROM'...
catch { config_ip_cache -export [get_ips -all IROM] }
export_ip_user_files -of_objects [get_files d:/personal_archive/2025summer/my_cpu/microRVCPU/my_pipeline_cpu/proj_pipeline/proj_pipeline.srcs/sources_1/ip/IROM/IROM.xci] -no_script -sync -force -quiet
reset_run IROM_synth_1
launch_runs -jobs 8 IROM_synth_1
[Fri Jul 18 10:41:03 2025] Launched IROM_synth_1...
Run output will be captured here: D:/personal_archive/2025summer/my_cpu/microRVCPU/my_pipeline_cpu/proj_pipeline/proj_pipeline.runs/IROM_synth_1/runme.log
export_simulation -of_objects [get_files d:/personal_archive/2025summer/my_cpu/microRVCPU/my_pipeline_cpu/proj_pipeline/proj_pipeline.srcs/sources_1/ip/IROM/IROM.xci] -directory D:/personal_archive/2025summer/my_cpu/microRVCPU/my_pipeline_cpu/proj_pipeline/proj_pipeline.ip_user_files/sim_scripts -ip_user_files_dir D:/personal_archive/2025summer/my_cpu/microRVCPU/my_pipeline_cpu/proj_pipeline/proj_pipeline.ip_user_files -ipstatic_source_dir D:/personal_archive/2025summer/my_cpu/microRVCPU/my_pipeline_cpu/proj_pipeline/proj_pipeline.ip_user_files/ipstatic -lib_map_path [list {modelsim=D:/personal_archive/2025summer/my_cpu/microRVCPU/my_pipeline_cpu/proj_pipeline/proj_pipeline.cache/compile_simlib/modelsim} {questa=D:/personal_archive/2025summer/my_cpu/microRVCPU/my_pipeline_cpu/proj_pipeline/proj_pipeline.cache/compile_simlib/questa} {riviera=D:/personal_archive/2025summer/my_cpu/microRVCPU/my_pipeline_cpu/proj_pipeline/proj_pipeline.cache/compile_simlib/riviera} {activehdl=D:/personal_archive/2025summer/my_cpu/microRVCPU/my_pipeline_cpu/proj_pipeline/proj_pipeline.cache/compile_simlib/activehdl}] -use_ip_compiled_libs -force -quiet
exit
INFO: [Common 17-206] Exiting Vivado at Fri Jul 18 11:08:37 2025...
