#-----------------------------------------------------------
# Vivado v2018.3 (64-bit)
# SW Build 2405991 on Thu Dec  6 23:38:27 MST 2018
# IP Build 2404404 on Fri Dec  7 01:43:56 MST 2018
# Start of session at: Wed Jul 16 15:19:05 2025
# Process ID: 15572
# Current directory: D:/personal_archive/2025summer/my_cpu/microRVCPU/课程资料/lab2/proj_miniRV_minisys/proj_single_cycle
# Command line: vivado.exe -gui_launcher_event rodinguilauncherevent24236 D:\personal_archive\2025summer\my_cpu\microRVCPU\课程资料\lab2\proj_miniRV_minisys\proj_single_cycle\proj_single_cycle.xpr
# Log file: D:/personal_archive/2025summer/my_cpu/microRVCPU/课程资料/lab2/proj_miniRV_minisys/proj_single_cycle/vivado.log
# Journal file: D:/personal_archive/2025summer/my_cpu/microRVCPU/课程资料/lab2/proj_miniRV_minisys/proj_single_cycle\vivado.jou
#-----------------------------------------------------------
start_gui
open_project D:/personal_archive/2025summer/my_cpu/microRVCPU/课程资料/lab2/proj_miniRV_minisys/proj_single_cycle/proj_single_cycle.xpr
INFO: [ProjectBase 1-489] The host OS only allows 260 characters in a normal path. The project is stored in a path with more than 80 characters. If you experience issues with IP, Block Designs, or files not being found, please consider moving the project to a location with a shorter path. Alternately consider using the OS subst command to map part of the path to a drive letter.
Current project path is 'D:/personal_archive/2025summer/my_cpu/microRVCPU/课程资料/lab2/proj_miniRV_minisys/proj_single_cycle'
INFO: [Project 1-313] Project file moved from 'D:/new/proj_single_cycle' since last save.
Scanning sources...
Finished scanning sources
WARNING: [filemgmt 56-2] IPUserFilesDir: Could not find the directory 'D:/personal_archive/2025summer/my_cpu/microRVCPU/课程资料/lab2/proj_miniRV_minisys/proj_single_cycle/proj_single_cycle.ip_user_files', nor could it be found using path 'D:/new/proj_single_cycle/proj_single_cycle.ip_user_files'.
INFO: [IP_Flow 19-234] Refreshing IP repositories
INFO: [IP_Flow 19-1704] No user IP repositories specified
INFO: [IP_Flow 19-2313] Loaded Vivado IP repository 'D:/Xilinx/Vivado/2018.3/data/ip'.
update_compile_order -fileset sources_1
close [ open D:/personal_archive/2025summer/my_cpu/microRVCPU/课程资料/lab2/proj_miniRV_minisys/proj_single_cycle/proj_single_cycle.srcs/sources_1/new/ALU.v w ]
add_files D:/personal_archive/2025summer/my_cpu/microRVCPU/课程资料/lab2/proj_miniRV_minisys/proj_single_cycle/proj_single_cycle.srcs/sources_1/new/ALU.v
update_compile_order -fileset sources_1
update_compile_order -fileset sources_1
close [ open D:/personal_archive/2025summer/my_cpu/microRVCPU/课程资料/lab2/proj_miniRV_minisys/proj_single_cycle/proj_single_cycle.srcs/sources_1/new/button.v w ]
add_files D:/personal_archive/2025summer/my_cpu/microRVCPU/课程资料/lab2/proj_miniRV_minisys/proj_single_cycle/proj_single_cycle.srcs/sources_1/new/button.v
update_compile_order -fileset sources_1
close [ open D:/personal_archive/2025summer/my_cpu/microRVCPU/课程资料/lab2/proj_miniRV_minisys/proj_single_cycle/proj_single_cycle.srcs/sources_1/new/control.v w ]
add_files D:/personal_archive/2025summer/my_cpu/microRVCPU/课程资料/lab2/proj_miniRV_minisys/proj_single_cycle/proj_single_cycle.srcs/sources_1/new/control.v
update_compile_order -fileset sources_1
close [ open D:/personal_archive/2025summer/my_cpu/microRVCPU/课程资料/lab2/proj_miniRV_minisys/proj_single_cycle/proj_single_cycle.srcs/sources_1/new/Digital_LEDs.v w ]
add_files D:/personal_archive/2025summer/my_cpu/microRVCPU/课程资料/lab2/proj_miniRV_minisys/proj_single_cycle/proj_single_cycle.srcs/sources_1/new/Digital_LEDs.v
update_compile_order -fileset sources_1
close [ open D:/personal_archive/2025summer/my_cpu/microRVCPU/课程资料/lab2/proj_miniRV_minisys/proj_single_cycle/proj_single_cycle.srcs/sources_1/new/led.v w ]
add_files D:/personal_archive/2025summer/my_cpu/microRVCPU/课程资料/lab2/proj_miniRV_minisys/proj_single_cycle/proj_single_cycle.srcs/sources_1/new/led.v
update_compile_order -fileset sources_1
close [ open D:/personal_archive/2025summer/my_cpu/microRVCPU/课程资料/lab2/proj_miniRV_minisys/proj_single_cycle/proj_single_cycle.srcs/sources_1/new/Nixie_tube.v w ]
add_files D:/personal_archive/2025summer/my_cpu/microRVCPU/课程资料/lab2/proj_miniRV_minisys/proj_single_cycle/proj_single_cycle.srcs/sources_1/new/Nixie_tube.v
update_compile_order -fileset sources_1
close [ open D:/personal_archive/2025summer/my_cpu/microRVCPU/课程资料/lab2/proj_miniRV_minisys/proj_single_cycle/proj_single_cycle.srcs/sources_1/new/NPC.v w ]
add_files D:/personal_archive/2025summer/my_cpu/microRVCPU/课程资料/lab2/proj_miniRV_minisys/proj_single_cycle/proj_single_cycle.srcs/sources_1/new/NPC.v
update_compile_order -fileset sources_1
close [ open D:/personal_archive/2025summer/my_cpu/microRVCPU/课程资料/lab2/proj_miniRV_minisys/proj_single_cycle/proj_single_cycle.srcs/sources_1/new/PC.v w ]
add_files D:/personal_archive/2025summer/my_cpu/microRVCPU/课程资料/lab2/proj_miniRV_minisys/proj_single_cycle/proj_single_cycle.srcs/sources_1/new/PC.v
update_compile_order -fileset sources_1
close [ open D:/personal_archive/2025summer/my_cpu/microRVCPU/课程资料/lab2/proj_miniRV_minisys/proj_single_cycle/proj_single_cycle.srcs/sources_1/new/RF.v w ]
add_files D:/personal_archive/2025summer/my_cpu/microRVCPU/课程资料/lab2/proj_miniRV_minisys/proj_single_cycle/proj_single_cycle.srcs/sources_1/new/RF.v
update_compile_order -fileset sources_1
close [ open D:/personal_archive/2025summer/my_cpu/microRVCPU/课程资料/lab2/proj_miniRV_minisys/proj_single_cycle/proj_single_cycle.srcs/sources_1/new/SEXT.v w ]
add_files D:/personal_archive/2025summer/my_cpu/microRVCPU/课程资料/lab2/proj_miniRV_minisys/proj_single_cycle/proj_single_cycle.srcs/sources_1/new/SEXT.v
update_compile_order -fileset sources_1
close [ open D:/personal_archive/2025summer/my_cpu/microRVCPU/课程资料/lab2/proj_miniRV_minisys/proj_single_cycle/proj_single_cycle.srcs/sources_1/new/switch.v w ]
add_files D:/personal_archive/2025summer/my_cpu/microRVCPU/课程资料/lab2/proj_miniRV_minisys/proj_single_cycle/proj_single_cycle.srcs/sources_1/new/switch.v
update_compile_order -fileset sources_1
close [ open D:/personal_archive/2025summer/my_cpu/microRVCPU/课程资料/lab2/proj_miniRV_minisys/proj_single_cycle/proj_single_cycle.srcs/sources_1/new/timer.v w ]
add_files D:/personal_archive/2025summer/my_cpu/microRVCPU/课程资料/lab2/proj_miniRV_minisys/proj_single_cycle/proj_single_cycle.srcs/sources_1/new/timer.v
update_compile_order -fileset sources_1
create_ip -name clk_wiz -vendor xilinx.com -library ip -version 6.0 -module_name cpuclk -dir d:/personal_archive/2025summer/my_cpu/microRVCPU/lab2/proj_miniRV_minisys/proj_single_cycle/proj_single_cycle.srcs/sources_1/i
set_property -dict [list CONFIG.Component_Name {cpuclk} CONFIG.PRIMITIVE {PLL} CONFIG.CLKOUT1_REQUESTED_OUT_FREQ {25} CONFIG.USE_RESET {false} CONFIG.CLKOUT1_DRIVES {BUFG} CONFIG.CLKOUT2_DRIVES {BUFG} CONFIG.CLKOUT3_DRIVES {BUFG} CONFIG.CLKOUT4_DRIVES {BUFG} CONFIG.CLKOUT5_DRIVES {BUFG} CONFIG.CLKOUT6_DRIVES {BUFG} CONFIG.CLKOUT7_DRIVES {BUFG} CONFIG.MMCM_DIVCLK_DIVIDE {4} CONFIG.MMCM_CLKFBOUT_MULT_F {33} CONFIG.MMCM_COMPENSATION {ZHOLD} CONFIG.MMCM_CLKOUT0_DIVIDE_F {33} CONFIG.CLKOUT1_JITTER {352.369} CONFIG.CLKOUT1_PHASE_ERROR {261.747}] [get_ips cpuclk]
WARNING: [Vivado 12-3523] Attempt to change 'Component_Name' from 'cpuclk' to 'cpuclk' is not allowed and is ignored.
generate_target {instantiation_template} [get_files d:/personal_archive/2025summer/my_cpu/microRVCPU/lab2/proj_miniRV_minisys/proj_single_cycle/proj_single_cycle.srcs/sources_1/i/cpuclk_1/cpuclk.xci]
INFO: [IP_Flow 19-1686] Generating 'Instantiation Template' target for IP 'cpuclk'...
generate_target all [get_files  d:/personal_archive/2025summer/my_cpu/microRVCPU/lab2/proj_miniRV_minisys/proj_single_cycle/proj_single_cycle.srcs/sources_1/i/cpuclk_1/cpuclk.xci]
INFO: [IP_Flow 19-1686] Generating 'Synthesis' target for IP 'cpuclk'...
INFO: [IP_Flow 19-1686] Generating 'Simulation' target for IP 'cpuclk'...
INFO: [IP_Flow 19-1686] Generating 'Implementation' target for IP 'cpuclk'...
INFO: [IP_Flow 19-1686] Generating 'Change Log' target for IP 'cpuclk'...
catch { config_ip_cache -export [get_ips -all cpuclk] }
export_ip_user_files -of_objects [get_files d:/personal_archive/2025summer/my_cpu/microRVCPU/lab2/proj_miniRV_minisys/proj_single_cycle/proj_single_cycle.srcs/sources_1/i/cpuclk_1/cpuclk.xci] -no_script -sync -force -quiet
create_ip_run [get_files -of_objects [get_fileset sources_1] d:/personal_archive/2025summer/my_cpu/microRVCPU/lab2/proj_miniRV_minisys/proj_single_cycle/proj_single_cycle.srcs/sources_1/i/cpuclk_1/cpuclk.xci]
launch_runs -jobs 8 cpuclk_synth_1
[Wed Jul 16 15:33:18 2025] Launched cpuclk_synth_1...
Run output will be captured here: D:/personal_archive/2025summer/my_cpu/microRVCPU/课程资料/lab2/proj_miniRV_minisys/proj_single_cycle/proj_single_cycle.runs/cpuclk_synth_1/runme.log
export_simulation -of_objects [get_files d:/personal_archive/2025summer/my_cpu/microRVCPU/lab2/proj_miniRV_minisys/proj_single_cycle/proj_single_cycle.srcs/sources_1/i/cpuclk_1/cpuclk.xci] -directory D:/personal_archive/2025summer/my_cpu/microRVCPU/课程资料/lab2/proj_miniRV_minisys/proj_single_cycle/proj_single_cycle.ip_user_files/sim_scripts -ip_user_files_dir D:/personal_archive/2025summer/my_cpu/microRVCPU/课程资料/lab2/proj_miniRV_minisys/proj_single_cycle/proj_single_cycle.ip_user_files -ipstatic_source_dir D:/personal_archive/2025summer/my_cpu/microRVCPU/课程资料/lab2/proj_miniRV_minisys/proj_single_cycle/proj_single_cycle.ip_user_files/ipstatic -lib_map_path [list {modelsim=D:/personal_archive/2025summer/my_cpu/microRVCPU/课程资料/lab2/proj_miniRV_minisys/proj_single_cycle/proj_single_cycle.cache/compile_simlib/modelsim} {questa=D:/personal_archive/2025summer/my_cpu/microRVCPU/课程资料/lab2/proj_miniRV_minisys/proj_single_cycle/proj_single_cycle.cache/compile_simlib/questa} {riviera=D:/personal_archive/2025summer/my_cpu/microRVCPU/课程资料/lab2/proj_miniRV_minisys/proj_single_cycle/proj_single_cycle.cache/compile_simlib/riviera} {activehdl=D:/personal_archive/2025summer/my_cpu/microRVCPU/课程资料/lab2/proj_miniRV_minisys/proj_single_cycle/proj_single_cycle.cache/compile_simlib/activehdl}] -use_ip_compiled_libs -force -quiet
create_ip -name dist_mem_gen -vendor xilinx.com -library ip -version 8.0 -module_name IROM -dir d:/personal_archive/2025summer/my_cpu/microRVCPU/lab2/proj_miniRV_minisys/proj_single_cycle/proj_single_cycle.srcs/sources_1/i
set_property -dict [list CONFIG.depth {16384} CONFIG.data_width {32} CONFIG.Component_Name {IROM} CONFIG.memory_type {rom} CONFIG.coefficient_file {D:/personal_archive/2025summer/my_cpu/microRVCPU/课程资料/lab2/proj_miniRV_minisys/proj_single_cycle/inst_ram.coe}] [get_ips IROM]
WARNING: [Vivado 12-3523] Attempt to change 'Component_Name' from 'IROM' to 'IROM' is not allowed and is ignored.
INFO: [IP_Flow 19-3484] Absolute path of file 'd:/personal_archive/2025summer/my_cpu/microRVCPU/课程资料/lab2/proj_miniRV_minisys/proj_single_cycle/inst_ram.coe' provided. It will be converted relative to IP Instance files '../../../../../../../课程资料/lab2/proj_miniRV_minisys/proj_single_cycle/inst_ram.coe'
generate_target {instantiation_template} [get_files d:/personal_archive/2025summer/my_cpu/microRVCPU/lab2/proj_miniRV_minisys/proj_single_cycle/proj_single_cycle.srcs/sources_1/i/IROM_1/IROM.xci]
INFO: [IP_Flow 19-1686] Generating 'Instantiation Template' target for IP 'IROM'...
generate_target all [get_files  d:/personal_archive/2025summer/my_cpu/microRVCPU/lab2/proj_miniRV_minisys/proj_single_cycle/proj_single_cycle.srcs/sources_1/i/IROM_1/IROM.xci]
INFO: [IP_Flow 19-1686] Generating 'Synthesis' target for IP 'IROM'...
INFO: [IP_Flow 19-1686] Generating 'Simulation' target for IP 'IROM'...
INFO: [IP_Flow 19-1686] Generating 'Change Log' target for IP 'IROM'...
catch { config_ip_cache -export [get_ips -all IROM] }
export_ip_user_files -of_objects [get_files d:/personal_archive/2025summer/my_cpu/microRVCPU/lab2/proj_miniRV_minisys/proj_single_cycle/proj_single_cycle.srcs/sources_1/i/IROM_1/IROM.xci] -no_script -sync -force -quiet
create_ip_run [get_files -of_objects [get_fileset sources_1] d:/personal_archive/2025summer/my_cpu/microRVCPU/lab2/proj_miniRV_minisys/proj_single_cycle/proj_single_cycle.srcs/sources_1/i/IROM_1/IROM.xci]
launch_runs -jobs 8 IROM_synth_1
[Wed Jul 16 15:35:33 2025] Launched IROM_synth_1...
Run output will be captured here: D:/personal_archive/2025summer/my_cpu/microRVCPU/课程资料/lab2/proj_miniRV_minisys/proj_single_cycle/proj_single_cycle.runs/IROM_synth_1/runme.log
export_simulation -of_objects [get_files d:/personal_archive/2025summer/my_cpu/microRVCPU/lab2/proj_miniRV_minisys/proj_single_cycle/proj_single_cycle.srcs/sources_1/i/IROM_1/IROM.xci] -directory D:/personal_archive/2025summer/my_cpu/microRVCPU/课程资料/lab2/proj_miniRV_minisys/proj_single_cycle/proj_single_cycle.ip_user_files/sim_scripts -ip_user_files_dir D:/personal_archive/2025summer/my_cpu/microRVCPU/课程资料/lab2/proj_miniRV_minisys/proj_single_cycle/proj_single_cycle.ip_user_files -ipstatic_source_dir D:/personal_archive/2025summer/my_cpu/microRVCPU/课程资料/lab2/proj_miniRV_minisys/proj_single_cycle/proj_single_cycle.ip_user_files/ipstatic -lib_map_path [list {modelsim=D:/personal_archive/2025summer/my_cpu/microRVCPU/课程资料/lab2/proj_miniRV_minisys/proj_single_cycle/proj_single_cycle.cache/compile_simlib/modelsim} {questa=D:/personal_archive/2025summer/my_cpu/microRVCPU/课程资料/lab2/proj_miniRV_minisys/proj_single_cycle/proj_single_cycle.cache/compile_simlib/questa} {riviera=D:/personal_archive/2025summer/my_cpu/microRVCPU/课程资料/lab2/proj_miniRV_minisys/proj_single_cycle/proj_single_cycle.cache/compile_simlib/riviera} {activehdl=D:/personal_archive/2025summer/my_cpu/microRVCPU/课程资料/lab2/proj_miniRV_minisys/proj_single_cycle/proj_single_cycle.cache/compile_simlib/activehdl}] -use_ip_compiled_libs -force -quiet
create_ip -name dist_mem_gen -vendor xilinx.com -library ip -version 8.0 -module_name DRAM -dir d:/personal_archive/2025summer/my_cpu/microRVCPU/lab2/proj_miniRV_minisys/proj_single_cycle/proj_single_cycle.srcs/sources_1/i
set_property -dict [list CONFIG.depth {16384} CONFIG.data_width {32} CONFIG.Component_Name {DRAM} CONFIG.coefficient_file {D:/personal_archive/2025summer/my_cpu/microRVCPU/课程资料/lab2/proj_miniRV_minisys/proj_single_cycle/data_ram.coe}] [get_ips DRAM]
WARNING: [Vivado 12-3523] Attempt to change 'Component_Name' from 'DRAM' to 'DRAM' is not allowed and is ignored.
INFO: [IP_Flow 19-3484] Absolute path of file 'd:/personal_archive/2025summer/my_cpu/microRVCPU/课程资料/lab2/proj_miniRV_minisys/proj_single_cycle/data_ram.coe' provided. It will be converted relative to IP Instance files '../../../../../../../课程资料/lab2/proj_miniRV_minisys/proj_single_cycle/data_ram.coe'
generate_target {instantiation_template} [get_files d:/personal_archive/2025summer/my_cpu/microRVCPU/lab2/proj_miniRV_minisys/proj_single_cycle/proj_single_cycle.srcs/sources_1/i/DRAM/DRAM.xci]
INFO: [IP_Flow 19-1686] Generating 'Instantiation Template' target for IP 'DRAM'...
generate_target all [get_files  d:/personal_archive/2025summer/my_cpu/microRVCPU/lab2/proj_miniRV_minisys/proj_single_cycle/proj_single_cycle.srcs/sources_1/i/DRAM/DRAM.xci]
INFO: [IP_Flow 19-1686] Generating 'Synthesis' target for IP 'DRAM'...
INFO: [IP_Flow 19-1686] Generating 'Simulation' target for IP 'DRAM'...
INFO: [IP_Flow 19-1686] Generating 'Change Log' target for IP 'DRAM'...
catch { config_ip_cache -export [get_ips -all DRAM] }
export_ip_user_files -of_objects [get_files d:/personal_archive/2025summer/my_cpu/microRVCPU/lab2/proj_miniRV_minisys/proj_single_cycle/proj_single_cycle.srcs/sources_1/i/DRAM/DRAM.xci] -no_script -sync -force -quiet
create_ip_run [get_files -of_objects [get_fileset sources_1] d:/personal_archive/2025summer/my_cpu/microRVCPU/lab2/proj_miniRV_minisys/proj_single_cycle/proj_single_cycle.srcs/sources_1/i/DRAM/DRAM.xci]
launch_runs -jobs 8 DRAM_synth_1
[Wed Jul 16 15:36:33 2025] Launched DRAM_synth_1...
Run output will be captured here: D:/personal_archive/2025summer/my_cpu/microRVCPU/课程资料/lab2/proj_miniRV_minisys/proj_single_cycle/proj_single_cycle.runs/DRAM_synth_1/runme.log
export_simulation -of_objects [get_files d:/personal_archive/2025summer/my_cpu/microRVCPU/lab2/proj_miniRV_minisys/proj_single_cycle/proj_single_cycle.srcs/sources_1/i/DRAM/DRAM.xci] -directory D:/personal_archive/2025summer/my_cpu/microRVCPU/课程资料/lab2/proj_miniRV_minisys/proj_single_cycle/proj_single_cycle.ip_user_files/sim_scripts -ip_user_files_dir D:/personal_archive/2025summer/my_cpu/microRVCPU/课程资料/lab2/proj_miniRV_minisys/proj_single_cycle/proj_single_cycle.ip_user_files -ipstatic_source_dir D:/personal_archive/2025summer/my_cpu/microRVCPU/课程资料/lab2/proj_miniRV_minisys/proj_single_cycle/proj_single_cycle.ip_user_files/ipstatic -lib_map_path [list {modelsim=D:/personal_archive/2025summer/my_cpu/microRVCPU/课程资料/lab2/proj_miniRV_minisys/proj_single_cycle/proj_single_cycle.cache/compile_simlib/modelsim} {questa=D:/personal_archive/2025summer/my_cpu/microRVCPU/课程资料/lab2/proj_miniRV_minisys/proj_single_cycle/proj_single_cycle.cache/compile_simlib/questa} {riviera=D:/personal_archive/2025summer/my_cpu/microRVCPU/课程资料/lab2/proj_miniRV_minisys/proj_single_cycle/proj_single_cycle.cache/compile_simlib/riviera} {activehdl=D:/personal_archive/2025summer/my_cpu/microRVCPU/课程资料/lab2/proj_miniRV_minisys/proj_single_cycle/proj_single_cycle.cache/compile_simlib/activehdl}] -use_ip_compiled_libs -force -quiet
reset_run cpuclk_synth_1
WARNING: [Vivado 12-1017] Problems encountered:
1. Failed to delete one or more files in run directory D:/personal_archive/2025summer/my_cpu/microRVCPU/课程资料/lab2/proj_miniRV_minisys/proj_single_cycle/proj_single_cycle.runs/cpuclk_synth_1

launch_runs impl_1 -to_step write_bitstream -jobs 16
[Wed Jul 16 15:36:51 2025] Launched cpuclk_synth_1, IROM_synth_1, DRAM_synth_1, synth_1...
Run output will be captured here:
cpuclk_synth_1: D:/personal_archive/2025summer/my_cpu/microRVCPU/课程资料/lab2/proj_miniRV_minisys/proj_single_cycle/proj_single_cycle.runs/cpuclk_synth_1/runme.log
IROM_synth_1: D:/personal_archive/2025summer/my_cpu/microRVCPU/课程资料/lab2/proj_miniRV_minisys/proj_single_cycle/proj_single_cycle.runs/IROM_synth_1/runme.log
DRAM_synth_1: D:/personal_archive/2025summer/my_cpu/microRVCPU/课程资料/lab2/proj_miniRV_minisys/proj_single_cycle/proj_single_cycle.runs/DRAM_synth_1/runme.log
synth_1: D:/personal_archive/2025summer/my_cpu/microRVCPU/课程资料/lab2/proj_miniRV_minisys/proj_single_cycle/proj_single_cycle.runs/synth_1/runme.log
[Wed Jul 16 15:36:51 2025] Launched impl_1...
Run output will be captured here: D:/personal_archive/2025summer/my_cpu/microRVCPU/课程资料/lab2/proj_miniRV_minisys/proj_single_cycle/proj_single_cycle.runs/impl_1/runme.log
reset_run synth_1
reset_run cpuclk_synth_1
reset_run IROM_synth_1
reset_run DRAM_synth_1
launch_runs impl_1 -to_step write_bitstream -jobs 16
[Wed Jul 16 15:47:46 2025] Launched cpuclk_synth_1, IROM_synth_1, DRAM_synth_1, synth_1...
Run output will be captured here:
cpuclk_synth_1: D:/personal_archive/2025summer/my_cpu/microRVCPU/课程资料/lab2/proj_miniRV_minisys/proj_single_cycle/proj_single_cycle.runs/cpuclk_synth_1/runme.log
IROM_synth_1: D:/personal_archive/2025summer/my_cpu/microRVCPU/课程资料/lab2/proj_miniRV_minisys/proj_single_cycle/proj_single_cycle.runs/IROM_synth_1/runme.log
DRAM_synth_1: D:/personal_archive/2025summer/my_cpu/microRVCPU/课程资料/lab2/proj_miniRV_minisys/proj_single_cycle/proj_single_cycle.runs/DRAM_synth_1/runme.log
synth_1: D:/personal_archive/2025summer/my_cpu/microRVCPU/课程资料/lab2/proj_miniRV_minisys/proj_single_cycle/proj_single_cycle.runs/synth_1/runme.log
[Wed Jul 16 15:47:46 2025] Launched impl_1...
Run output will be captured here: D:/personal_archive/2025summer/my_cpu/microRVCPU/课程资料/lab2/proj_miniRV_minisys/proj_single_cycle/proj_single_cycle.runs/impl_1/runme.log
exit
INFO: [Common 17-206] Exiting Vivado at Wed Jul 16 16:12:45 2025...
