#-----------------------------------------------------------
# Vivado v2018.3 (64-bit)
# SW Build 2405991 on Thu Dec  6 23:38:27 MST 2018
# IP Build 2404404 on Fri Dec  7 01:43:56 MST 2018
# Start of session at: Fri Jul 18 11:08:50 2025
# Process ID: 25608
# Current directory: D:/personal_archive/2025summer/my_cpu/microRVCPU/my_pipeline_cpu/proj_pipeline
# Command line: vivado.exe -gui_launcher_event rodinguilauncherevent26368 D:\personal_archive\2025summer\my_cpu\microRVCPU\my_pipeline_cpu\proj_pipeline\proj_pipeline.xpr
# Log file: D:/personal_archive/2025summer/my_cpu/microRVCPU/my_pipeline_cpu/proj_pipeline/vivado.log
# Journal file: D:/personal_archive/2025summer/my_cpu/microRVCPU/my_pipeline_cpu/proj_pipeline\vivado.jou
#-----------------------------------------------------------
start_gui
open_project D:/personal_archive/2025summer/my_cpu/microRVCPU/my_pipeline_cpu/proj_pipeline/proj_pipeline.xpr
Scanning sources...
Finished scanning sources
INFO: [IP_Flow 19-234] Refreshing IP repositories
INFO: [IP_Flow 19-1704] No user IP repositories specified
INFO: [IP_Flow 19-2313] Loaded Vivado IP repository 'D:/Xilinx/Vivado/2018.3/data/ip'.
update_compile_order -fileset sources_1
reset_run synth_1
launch_runs impl_1 -to_step write_bitstream -jobs 16
[Fri Jul 18 11:09:55 2025] Launched synth_1...
Run output will be captured here: D:/personal_archive/2025summer/my_cpu/microRVCPU/my_pipeline_cpu/proj_pipeline/proj_pipeline.runs/synth_1/runme.log
[Fri Jul 18 11:09:55 2025] Launched impl_1...
Run output will be captured here: D:/personal_archive/2025summer/my_cpu/microRVCPU/my_pipeline_cpu/proj_pipeline/proj_pipeline.runs/impl_1/runme.log
open_hw
connect_hw_server
INFO: [Labtools 27-2285] Connecting to hw_server url TCP:localhost:3121
INFO: [Labtools 27-2222] Launching hw_server...
INFO: [Labtools 27-2221] Launch Output:

****** Xilinx hw_server v2018.3
  **** Build date : Dec  7 2018-00:40:27
    ** Copyright 1986-2018 Xilinx, Inc. All Rights Reserved.


open_hw_target
INFO: [Labtoolstcl 44-466] Opening hw_target localhost:3121/xilinx_tcf/Xilinx/1234-tulA
set_property PROGRAM.FILE {D:/personal_archive/2025summer/my_cpu/microRVCPU/my_pipeline_cpu/proj_pipeline/proj_pipeline.runs/impl_1/miniRV_SoC.bit} [get_hw_devices xc7a100t_0]
current_hw_device [get_hw_devices xc7a100t_0]
refresh_hw_device -update_hw_probes false [lindex [get_hw_devices xc7a100t_0] 0]
INFO: [Labtools 27-1434] Device xc7a100t (JTAG device index = 0) is programmed with a design that has no supported debug core(s) in it.
set_property PROBES.FILE {} [get_hw_devices xc7a100t_0]
set_property FULL_PROBES.FILE {} [get_hw_devices xc7a100t_0]
set_property PROGRAM.FILE {D:/personal_archive/2025summer/my_cpu/microRVCPU/my_pipeline_cpu/proj_pipeline/proj_pipeline.runs/impl_1/miniRV_SoC.bit} [get_hw_devices xc7a100t_0]
program_hw_devices [get_hw_devices xc7a100t_0]
INFO: [Labtools 27-3164] End of startup status: HIGH
refresh_hw_device [lindex [get_hw_devices xc7a100t_0] 0]
INFO: [Labtools 27-1434] Device xc7a100t (JTAG device index = 0) is programmed with a design that has no supported debug core(s) in it.
set_property -dict [list CONFIG.coefficient_file {D:/personal_archive/2025summer/my_cpu/microRVCPU/my_pipeline_cpu/proj_pipeline/inst_rom.coe}] [get_ips IROM]
INFO: [IP_Flow 19-3484] Absolute path of file 'd:/personal_archive/2025summer/my_cpu/microRVCPU/my_pipeline_cpu/proj_pipeline/inst_rom.coe' provided. It will be converted relative to IP Instance files '../../../../inst_rom.coe'
generate_target all [get_files  D:/personal_archive/2025summer/my_cpu/microRVCPU/my_pipeline_cpu/proj_pipeline/proj_pipeline.srcs/sources_1/ip/IROM/IROM.xci]
INFO: [IP_Flow 19-1686] Generating 'Instantiation Template' target for IP 'IROM'...
INFO: [IP_Flow 19-1686] Generating 'Synthesis' target for IP 'IROM'...
INFO: [IP_Flow 19-1686] Generating 'Simulation' target for IP 'IROM'...
INFO: [IP_Flow 19-1686] Generating 'Change Log' target for IP 'IROM'...
catch { config_ip_cache -export [get_ips -all IROM] }
INFO: [IP_Flow 19-4993] Using cached IP synthesis design for IP IROM, cache-ID = 7b9a9d3ae7255aca; cache size = 11.496 MB.
catch { [ delete_ip_run [get_ips -all IROM] ] }
INFO: [Project 1-386] Moving file 'D:/personal_archive/2025summer/my_cpu/microRVCPU/my_pipeline_cpu/proj_pipeline/proj_pipeline.srcs/sources_1/ip/IROM/IROM.xci' from fileset 'IROM' to fileset 'sources_1'.
export_ip_user_files -of_objects [get_files D:/personal_archive/2025summer/my_cpu/microRVCPU/my_pipeline_cpu/proj_pipeline/proj_pipeline.srcs/sources_1/ip/IROM/IROM.xci] -no_script -sync -force -quiet
create_ip_run [get_files -of_objects [get_fileset sources_1] D:/personal_archive/2025summer/my_cpu/microRVCPU/my_pipeline_cpu/proj_pipeline/proj_pipeline.srcs/sources_1/ip/IROM/IROM.xci]
INFO: [Vivado 12-3453] The given sub-design is up-to-date, no action was taken.  If a run is still desired, use the '-force' option for the file:'D:/personal_archive/2025summer/my_cpu/microRVCPU/my_pipeline_cpu/proj_pipeline/proj_pipeline.srcs/sources_1/ip/IROM/IROM.xci'
export_simulation -of_objects [get_files D:/personal_archive/2025summer/my_cpu/microRVCPU/my_pipeline_cpu/proj_pipeline/proj_pipeline.srcs/sources_1/ip/IROM/IROM.xci] -directory D:/personal_archive/2025summer/my_cpu/microRVCPU/my_pipeline_cpu/proj_pipeline/proj_pipeline.ip_user_files/sim_scripts -ip_user_files_dir D:/personal_archive/2025summer/my_cpu/microRVCPU/my_pipeline_cpu/proj_pipeline/proj_pipeline.ip_user_files -ipstatic_source_dir D:/personal_archive/2025summer/my_cpu/microRVCPU/my_pipeline_cpu/proj_pipeline/proj_pipeline.ip_user_files/ipstatic -lib_map_path [list {modelsim=D:/personal_archive/2025summer/my_cpu/microRVCPU/my_pipeline_cpu/proj_pipeline/proj_pipeline.cache/compile_simlib/modelsim} {questa=D:/personal_archive/2025summer/my_cpu/microRVCPU/my_pipeline_cpu/proj_pipeline/proj_pipeline.cache/compile_simlib/questa} {riviera=D:/personal_archive/2025summer/my_cpu/microRVCPU/my_pipeline_cpu/proj_pipeline/proj_pipeline.cache/compile_simlib/riviera} {activehdl=D:/personal_archive/2025summer/my_cpu/microRVCPU/my_pipeline_cpu/proj_pipeline/proj_pipeline.cache/compile_simlib/activehdl}] -use_ip_compiled_libs -force -quiet
update_compile_order -fileset sources_1
reset_run synth_1
launch_runs impl_1 -to_step write_bitstream -jobs 16
INFO: [Vivado 12-4149] The synthesis checkpoint for IP 'D:/personal_archive/2025summer/my_cpu/microRVCPU/my_pipeline_cpu/proj_pipeline/proj_pipeline.srcs/sources_1/ip/IROM/IROM.xci' is already up-to-date
[Fri Jul 18 11:14:21 2025] Launched synth_1...
Run output will be captured here: D:/personal_archive/2025summer/my_cpu/microRVCPU/my_pipeline_cpu/proj_pipeline/proj_pipeline.runs/synth_1/runme.log
[Fri Jul 18 11:14:21 2025] Launched impl_1...
Run output will be captured here: D:/personal_archive/2025summer/my_cpu/microRVCPU/my_pipeline_cpu/proj_pipeline/proj_pipeline.runs/impl_1/runme.log
set_property PROBES.FILE {} [get_hw_devices xc7a100t_0]
set_property FULL_PROBES.FILE {} [get_hw_devices xc7a100t_0]
set_property PROGRAM.FILE {D:/personal_archive/2025summer/my_cpu/microRVCPU/my_pipeline_cpu/proj_pipeline/proj_pipeline.runs/impl_1/miniRV_SoC.bit} [get_hw_devices xc7a100t_0]
program_hw_devices [get_hw_devices xc7a100t_0]
INFO: [Labtools 27-3164] End of startup status: HIGH
refresh_hw_device [lindex [get_hw_devices xc7a100t_0] 0]
INFO: [Labtools 27-1434] Device xc7a100t (JTAG device index = 0) is programmed with a design that has no supported debug core(s) in it.
set_property -dict [list CONFIG.CLKOUT1_REQUESTED_OUT_FREQ {90} CONFIG.MMCM_DIVCLK_DIVIDE {1} CONFIG.MMCM_CLKFBOUT_MULT_F {9} CONFIG.MMCM_CLKOUT0_DIVIDE_F {10} CONFIG.CLKOUT1_JITTER {140.709} CONFIG.CLKOUT1_PHASE_ERROR {105.461}] [get_ips cpuclk]
generate_target all [get_files  D:/personal_archive/2025summer/my_cpu/microRVCPU/my_pipeline_cpu/proj_pipeline/proj_pipeline.srcs/sources_1/ip/cpuclk/cpuclk.xci]
INFO: [IP_Flow 19-1686] Generating 'Instantiation Template' target for IP 'cpuclk'...
INFO: [IP_Flow 19-1686] Generating 'Synthesis' target for IP 'cpuclk'...
INFO: [IP_Flow 19-1686] Generating 'Simulation' target for IP 'cpuclk'...
INFO: [IP_Flow 19-1686] Generating 'Implementation' target for IP 'cpuclk'...
INFO: [IP_Flow 19-1686] Generating 'Change Log' target for IP 'cpuclk'...
catch { config_ip_cache -export [get_ips -all cpuclk] }
export_ip_user_files -of_objects [get_files D:/personal_archive/2025summer/my_cpu/microRVCPU/my_pipeline_cpu/proj_pipeline/proj_pipeline.srcs/sources_1/ip/cpuclk/cpuclk.xci] -no_script -sync -force -quiet
reset_run cpuclk_synth_1
launch_runs -jobs 16 cpuclk_synth_1
[Fri Jul 18 11:19:55 2025] Launched cpuclk_synth_1...
Run output will be captured here: D:/personal_archive/2025summer/my_cpu/microRVCPU/my_pipeline_cpu/proj_pipeline/proj_pipeline.runs/cpuclk_synth_1/runme.log
export_simulation -of_objects [get_files D:/personal_archive/2025summer/my_cpu/microRVCPU/my_pipeline_cpu/proj_pipeline/proj_pipeline.srcs/sources_1/ip/cpuclk/cpuclk.xci] -directory D:/personal_archive/2025summer/my_cpu/microRVCPU/my_pipeline_cpu/proj_pipeline/proj_pipeline.ip_user_files/sim_scripts -ip_user_files_dir D:/personal_archive/2025summer/my_cpu/microRVCPU/my_pipeline_cpu/proj_pipeline/proj_pipeline.ip_user_files -ipstatic_source_dir D:/personal_archive/2025summer/my_cpu/microRVCPU/my_pipeline_cpu/proj_pipeline/proj_pipeline.ip_user_files/ipstatic -lib_map_path [list {modelsim=D:/personal_archive/2025summer/my_cpu/microRVCPU/my_pipeline_cpu/proj_pipeline/proj_pipeline.cache/compile_simlib/modelsim} {questa=D:/personal_archive/2025summer/my_cpu/microRVCPU/my_pipeline_cpu/proj_pipeline/proj_pipeline.cache/compile_simlib/questa} {riviera=D:/personal_archive/2025summer/my_cpu/microRVCPU/my_pipeline_cpu/proj_pipeline/proj_pipeline.cache/compile_simlib/riviera} {activehdl=D:/personal_archive/2025summer/my_cpu/microRVCPU/my_pipeline_cpu/proj_pipeline/proj_pipeline.cache/compile_simlib/activehdl}] -use_ip_compiled_libs -force -quiet
reset_run synth_1
WARNING: [Vivado 12-1017] Problems encountered:
1. Failed to delete one or more files in run directory D:/personal_archive/2025summer/my_cpu/microRVCPU/my_pipeline_cpu/proj_pipeline/proj_pipeline.runs/synth_1

launch_runs impl_1 -to_step write_bitstream -jobs 16
INFO: [Vivado 12-4149] The synthesis checkpoint for IP 'D:/personal_archive/2025summer/my_cpu/microRVCPU/my_pipeline_cpu/proj_pipeline/proj_pipeline.srcs/sources_1/ip/IROM/IROM.xci' is already up-to-date
[Fri Jul 18 11:20:10 2025] Launched cpuclk_synth_1, synth_1...
Run output will be captured here:
cpuclk_synth_1: D:/personal_archive/2025summer/my_cpu/microRVCPU/my_pipeline_cpu/proj_pipeline/proj_pipeline.runs/cpuclk_synth_1/runme.log
synth_1: D:/personal_archive/2025summer/my_cpu/microRVCPU/my_pipeline_cpu/proj_pipeline/proj_pipeline.runs/synth_1/runme.log
[Fri Jul 18 11:20:10 2025] Launched impl_1...
Run output will be captured here: D:/personal_archive/2025summer/my_cpu/microRVCPU/my_pipeline_cpu/proj_pipeline/proj_pipeline.runs/impl_1/runme.log
set_property PROBES.FILE {} [get_hw_devices xc7a100t_0]
set_property FULL_PROBES.FILE {} [get_hw_devices xc7a100t_0]
set_property PROGRAM.FILE {D:/personal_archive/2025summer/my_cpu/microRVCPU/my_pipeline_cpu/proj_pipeline/proj_pipeline.runs/impl_1/miniRV_SoC.bit} [get_hw_devices xc7a100t_0]
program_hw_devices [get_hw_devices xc7a100t_0]
INFO: [Labtools 27-3164] End of startup status: HIGH
refresh_hw_device [lindex [get_hw_devices xc7a100t_0] 0]
INFO: [Labtools 27-1434] Device xc7a100t (JTAG device index = 0) is programmed with a design that has no supported debug core(s) in it.
reset_run synth_1
launch_runs impl_1 -to_step write_bitstream -jobs 16
INFO: [Vivado 12-4149] The synthesis checkpoint for IP 'D:/personal_archive/2025summer/my_cpu/microRVCPU/my_pipeline_cpu/proj_pipeline/proj_pipeline.srcs/sources_1/ip/IROM/IROM.xci' is already up-to-date
[Fri Jul 18 11:26:23 2025] Launched synth_1...
Run output will be captured here: D:/personal_archive/2025summer/my_cpu/microRVCPU/my_pipeline_cpu/proj_pipeline/proj_pipeline.runs/synth_1/runme.log
[Fri Jul 18 11:26:23 2025] Launched impl_1...
Run output will be captured here: D:/personal_archive/2025summer/my_cpu/microRVCPU/my_pipeline_cpu/proj_pipeline/proj_pipeline.runs/impl_1/runme.log
set_property PROBES.FILE {} [get_hw_devices xc7a100t_0]
set_property FULL_PROBES.FILE {} [get_hw_devices xc7a100t_0]
set_property PROGRAM.FILE {D:/personal_archive/2025summer/my_cpu/microRVCPU/my_pipeline_cpu/proj_pipeline/proj_pipeline.runs/impl_1/miniRV_SoC.bit} [get_hw_devices xc7a100t_0]
program_hw_devices [get_hw_devices xc7a100t_0]
INFO: [Labtools 27-3164] End of startup status: HIGH
refresh_hw_device [lindex [get_hw_devices xc7a100t_0] 0]
INFO: [Labtools 27-1434] Device xc7a100t (JTAG device index = 0) is programmed with a design that has no supported debug core(s) in it.
set_property -dict [list CONFIG.CLKOUT1_REQUESTED_OUT_FREQ {85} CONFIG.MMCM_DIVCLK_DIVIDE {2} CONFIG.MMCM_CLKFBOUT_MULT_F {17} CONFIG.CLKOUT1_JITTER {180.731} CONFIG.CLKOUT1_PHASE_ERROR {155.540}] [get_ips cpuclk]
generate_target all [get_files  D:/personal_archive/2025summer/my_cpu/microRVCPU/my_pipeline_cpu/proj_pipeline/proj_pipeline.srcs/sources_1/ip/cpuclk/cpuclk.xci]
INFO: [IP_Flow 19-1686] Generating 'Instantiation Template' target for IP 'cpuclk'...
INFO: [IP_Flow 19-1686] Generating 'Synthesis' target for IP 'cpuclk'...
INFO: [IP_Flow 19-1686] Generating 'Simulation' target for IP 'cpuclk'...
INFO: [IP_Flow 19-1686] Generating 'Implementation' target for IP 'cpuclk'...
INFO: [IP_Flow 19-1686] Generating 'Change Log' target for IP 'cpuclk'...
catch { config_ip_cache -export [get_ips -all cpuclk] }
export_ip_user_files -of_objects [get_files D:/personal_archive/2025summer/my_cpu/microRVCPU/my_pipeline_cpu/proj_pipeline/proj_pipeline.srcs/sources_1/ip/cpuclk/cpuclk.xci] -no_script -sync -force -quiet
reset_run cpuclk_synth_1
launch_runs -jobs 16 cpuclk_synth_1
[Fri Jul 18 11:33:17 2025] Launched cpuclk_synth_1...
Run output will be captured here: D:/personal_archive/2025summer/my_cpu/microRVCPU/my_pipeline_cpu/proj_pipeline/proj_pipeline.runs/cpuclk_synth_1/runme.log
export_simulation -of_objects [get_files D:/personal_archive/2025summer/my_cpu/microRVCPU/my_pipeline_cpu/proj_pipeline/proj_pipeline.srcs/sources_1/ip/cpuclk/cpuclk.xci] -directory D:/personal_archive/2025summer/my_cpu/microRVCPU/my_pipeline_cpu/proj_pipeline/proj_pipeline.ip_user_files/sim_scripts -ip_user_files_dir D:/personal_archive/2025summer/my_cpu/microRVCPU/my_pipeline_cpu/proj_pipeline/proj_pipeline.ip_user_files -ipstatic_source_dir D:/personal_archive/2025summer/my_cpu/microRVCPU/my_pipeline_cpu/proj_pipeline/proj_pipeline.ip_user_files/ipstatic -lib_map_path [list {modelsim=D:/personal_archive/2025summer/my_cpu/microRVCPU/my_pipeline_cpu/proj_pipeline/proj_pipeline.cache/compile_simlib/modelsim} {questa=D:/personal_archive/2025summer/my_cpu/microRVCPU/my_pipeline_cpu/proj_pipeline/proj_pipeline.cache/compile_simlib/questa} {riviera=D:/personal_archive/2025summer/my_cpu/microRVCPU/my_pipeline_cpu/proj_pipeline/proj_pipeline.cache/compile_simlib/riviera} {activehdl=D:/personal_archive/2025summer/my_cpu/microRVCPU/my_pipeline_cpu/proj_pipeline/proj_pipeline.cache/compile_simlib/activehdl}] -use_ip_compiled_libs -force -quiet
reset_run synth_1
WARNING: [Vivado 12-1017] Problems encountered:
1. Failed to delete one or more files in run directory D:/personal_archive/2025summer/my_cpu/microRVCPU/my_pipeline_cpu/proj_pipeline/proj_pipeline.runs/synth_1

launch_runs impl_1 -to_step write_bitstream -jobs 16
INFO: [Vivado 12-4149] The synthesis checkpoint for IP 'D:/personal_archive/2025summer/my_cpu/microRVCPU/my_pipeline_cpu/proj_pipeline/proj_pipeline.srcs/sources_1/ip/IROM/IROM.xci' is already up-to-date
[Fri Jul 18 11:33:25 2025] Launched cpuclk_synth_1, synth_1...
Run output will be captured here:
cpuclk_synth_1: D:/personal_archive/2025summer/my_cpu/microRVCPU/my_pipeline_cpu/proj_pipeline/proj_pipeline.runs/cpuclk_synth_1/runme.log
synth_1: D:/personal_archive/2025summer/my_cpu/microRVCPU/my_pipeline_cpu/proj_pipeline/proj_pipeline.runs/synth_1/runme.log
[Fri Jul 18 11:33:25 2025] Launched impl_1...
Run output will be captured here: D:/personal_archive/2025summer/my_cpu/microRVCPU/my_pipeline_cpu/proj_pipeline/proj_pipeline.runs/impl_1/runme.log
set_property PROBES.FILE {} [get_hw_devices xc7a100t_0]
set_property FULL_PROBES.FILE {} [get_hw_devices xc7a100t_0]
set_property PROGRAM.FILE {D:/personal_archive/2025summer/my_cpu/microRVCPU/my_pipeline_cpu/proj_pipeline/proj_pipeline.runs/impl_1/miniRV_SoC.bit} [get_hw_devices xc7a100t_0]
program_hw_devices [get_hw_devices xc7a100t_0]
INFO: [Labtools 27-3164] End of startup status: HIGH
refresh_hw_device [lindex [get_hw_devices xc7a100t_0] 0]
INFO: [Labtools 27-1434] Device xc7a100t (JTAG device index = 0) is programmed with a design that has no supported debug core(s) in it.
set_property -dict [list CONFIG.coefficient_file {D:/personal_archive/2025summer/my_cpu/microRVCPU/my_pipeline_cpu/proj_pipeline/IROM_1.coe}] [get_ips IROM]
INFO: [IP_Flow 19-3484] Absolute path of file 'd:/personal_archive/2025summer/my_cpu/microRVCPU/my_pipeline_cpu/proj_pipeline/IROM_1.coe' provided. It will be converted relative to IP Instance files '../../../../IROM_1.coe'
generate_target all [get_files  D:/personal_archive/2025summer/my_cpu/microRVCPU/my_pipeline_cpu/proj_pipeline/proj_pipeline.srcs/sources_1/ip/IROM/IROM.xci]
INFO: [IP_Flow 19-1686] Generating 'Instantiation Template' target for IP 'IROM'...
INFO: [IP_Flow 19-1686] Generating 'Synthesis' target for IP 'IROM'...
INFO: [IP_Flow 19-1686] Generating 'Simulation' target for IP 'IROM'...
INFO: [IP_Flow 19-1686] Generating 'Change Log' target for IP 'IROM'...
catch { config_ip_cache -export [get_ips -all IROM] }
INFO: [IP_Flow 19-4993] Using cached IP synthesis design for IP IROM, cache-ID = 1589999d71212e51; cache size = 11.611 MB.
export_ip_user_files -of_objects [get_files D:/personal_archive/2025summer/my_cpu/microRVCPU/my_pipeline_cpu/proj_pipeline/proj_pipeline.srcs/sources_1/ip/IROM/IROM.xci] -no_script -sync -force -quiet
create_ip_run [get_files -of_objects [get_fileset sources_1] D:/personal_archive/2025summer/my_cpu/microRVCPU/my_pipeline_cpu/proj_pipeline/proj_pipeline.srcs/sources_1/ip/IROM/IROM.xci]
INFO: [Vivado 12-3453] The given sub-design is up-to-date, no action was taken.  If a run is still desired, use the '-force' option for the file:'D:/personal_archive/2025summer/my_cpu/microRVCPU/my_pipeline_cpu/proj_pipeline/proj_pipeline.srcs/sources_1/ip/IROM/IROM.xci'
export_simulation -of_objects [get_files D:/personal_archive/2025summer/my_cpu/microRVCPU/my_pipeline_cpu/proj_pipeline/proj_pipeline.srcs/sources_1/ip/IROM/IROM.xci] -directory D:/personal_archive/2025summer/my_cpu/microRVCPU/my_pipeline_cpu/proj_pipeline/proj_pipeline.ip_user_files/sim_scripts -ip_user_files_dir D:/personal_archive/2025summer/my_cpu/microRVCPU/my_pipeline_cpu/proj_pipeline/proj_pipeline.ip_user_files -ipstatic_source_dir D:/personal_archive/2025summer/my_cpu/microRVCPU/my_pipeline_cpu/proj_pipeline/proj_pipeline.ip_user_files/ipstatic -lib_map_path [list {modelsim=D:/personal_archive/2025summer/my_cpu/microRVCPU/my_pipeline_cpu/proj_pipeline/proj_pipeline.cache/compile_simlib/modelsim} {questa=D:/personal_archive/2025summer/my_cpu/microRVCPU/my_pipeline_cpu/proj_pipeline/proj_pipeline.cache/compile_simlib/questa} {riviera=D:/personal_archive/2025summer/my_cpu/microRVCPU/my_pipeline_cpu/proj_pipeline/proj_pipeline.cache/compile_simlib/riviera} {activehdl=D:/personal_archive/2025summer/my_cpu/microRVCPU/my_pipeline_cpu/proj_pipeline/proj_pipeline.cache/compile_simlib/activehdl}] -use_ip_compiled_libs -force -quiet
reset_run synth_1
launch_runs impl_1 -to_step write_bitstream -jobs 16
INFO: [Vivado 12-4149] The synthesis checkpoint for IP 'D:/personal_archive/2025summer/my_cpu/microRVCPU/my_pipeline_cpu/proj_pipeline/proj_pipeline.srcs/sources_1/ip/IROM/IROM.xci' is already up-to-date
[Fri Jul 18 11:55:38 2025] Launched synth_1...
Run output will be captured here: D:/personal_archive/2025summer/my_cpu/microRVCPU/my_pipeline_cpu/proj_pipeline/proj_pipeline.runs/synth_1/runme.log
[Fri Jul 18 11:55:38 2025] Launched impl_1...
Run output will be captured here: D:/personal_archive/2025summer/my_cpu/microRVCPU/my_pipeline_cpu/proj_pipeline/proj_pipeline.runs/impl_1/runme.log
reset_run impl_1
exit
INFO: [Common 17-206] Exiting Vivado at Fri Jul 18 11:58:11 2025...
