#-----------------------------------------------------------
# Vivado v2018.3 (64-bit)
# SW Build 2405991 on Thu Dec  6 23:38:27 MST 2018
# IP Build 2404404 on Fri Dec  7 01:43:56 MST 2018
# Start of session at: Thu Jul 31 18:54:46 2025
# Process ID: 22936
# Current directory: D:/personal_archive/2025summer/Computer_Design_and_Practice/my_cpu/my_pipeline_cpu/proj_pipeline
# Command line: vivado.exe -gui_launcher_event rodinguilauncherevent11312 D:\personal_archive\2025summer\Computer_Design_and_Practice\my_cpu\my_pipeline_cpu\proj_pipeline\proj_pipeline.xpr
# Log file: D:/personal_archive/2025summer/Computer_Design_and_Practice/my_cpu/my_pipeline_cpu/proj_pipeline/vivado.log
# Journal file: D:/personal_archive/2025summer/Computer_Design_and_Practice/my_cpu/my_pipeline_cpu/proj_pipeline\vivado.jou
#-----------------------------------------------------------
start_gui
open_project D:/personal_archive/2025summer/Computer_Design_and_Practice/my_cpu/my_pipeline_cpu/proj_pipeline/proj_pipeline.xpr
INFO: [ProjectBase 1-489] The host OS only allows 260 characters in a normal path. The project is stored in a path with more than 80 characters. If you experience issues with IP, Block Designs, or files not being found, please consider moving the project to a location with a shorter path. Alternately consider using the OS subst command to map part of the path to a drive letter.
Current project path is 'D:/personal_archive/2025summer/Computer_Design_and_Practice/my_cpu/my_pipeline_cpu/proj_pipeline'
INFO: [Project 1-313] Project file moved from 'D:/personal_archive/2025summer/my_cpu/microRVCPU/my_pipeline_cpu/proj_pipeline' since last save.
Scanning sources...
Finished scanning sources
INFO: [IP_Flow 19-234] Refreshing IP repositories
INFO: [IP_Flow 19-1704] No user IP repositories specified
INFO: [IP_Flow 19-2313] Loaded Vivado IP repository 'D:/Xilinx/Vivado/2018.3/data/ip'.
update_compile_order -fileset sources_1
reset_run synth_1
reset_run DRAM_synth_1
launch_runs impl_1 -to_step write_bitstream -jobs 12
INFO: [IP_Flow 19-1686] Generating 'Synthesis' target for IP 'IROM'...
INFO: [IP_Flow 19-4993] Using cached IP synthesis design for IP IROM, cache-ID = 1589999d71212e51; cache size = 11.888 MB.
INFO: [Vivado 12-4149] The synthesis checkpoint for IP 'D:/personal_archive/2025summer/Computer_Design_and_Practice/my_cpu/my_pipeline_cpu/proj_pipeline/proj_pipeline.srcs/sources_1/ip/IROM/IROM.xci' is already up-to-date
INFO: [IP_Flow 19-1686] Generating 'Synthesis' target for IP 'DRAM'...
[Thu Jul 31 18:55:07 2025] Launched DRAM_synth_1, synth_1...
Run output will be captured here:
DRAM_synth_1: D:/personal_archive/2025summer/Computer_Design_and_Practice/my_cpu/my_pipeline_cpu/proj_pipeline/proj_pipeline.runs/DRAM_synth_1/runme.log
synth_1: D:/personal_archive/2025summer/Computer_Design_and_Practice/my_cpu/my_pipeline_cpu/proj_pipeline/proj_pipeline.runs/synth_1/runme.log
[Thu Jul 31 18:55:08 2025] Launched impl_1...
Run output will be captured here: D:/personal_archive/2025summer/Computer_Design_and_Practice/my_cpu/my_pipeline_cpu/proj_pipeline/proj_pipeline.runs/impl_1/runme.log
set_property -dict [list CONFIG.CLKOUT1_REQUESTED_OUT_FREQ {80} CONFIG.MMCM_DIVCLK_DIVIDE {5} CONFIG.MMCM_CLKFBOUT_MULT_F {44} CONFIG.MMCM_CLKOUT0_DIVIDE_F {11} CONFIG.CLKOUT1_JITTER {285.756} CONFIG.CLKOUT1_PHASE_ERROR {307.118}] [get_ips cpuclk]
generate_target all [get_files  D:/personal_archive/2025summer/Computer_Design_and_Practice/my_cpu/my_pipeline_cpu/proj_pipeline/proj_pipeline.srcs/sources_1/ip/cpuclk/cpuclk.xci]
INFO: [IP_Flow 19-1686] Generating 'Instantiation Template' target for IP 'cpuclk'...
INFO: [IP_Flow 19-1686] Generating 'Synthesis' target for IP 'cpuclk'...
INFO: [IP_Flow 19-1686] Generating 'Simulation' target for IP 'cpuclk'...
INFO: [IP_Flow 19-1686] Generating 'Implementation' target for IP 'cpuclk'...
INFO: [IP_Flow 19-1686] Generating 'Change Log' target for IP 'cpuclk'...
catch { config_ip_cache -export [get_ips -all cpuclk] }
export_ip_user_files -of_objects [get_files D:/personal_archive/2025summer/Computer_Design_and_Practice/my_cpu/my_pipeline_cpu/proj_pipeline/proj_pipeline.srcs/sources_1/ip/cpuclk/cpuclk.xci] -no_script -sync -force -quiet
reset_run cpuclk_synth_1
launch_runs -jobs 12 cpuclk_synth_1
[Thu Jul 31 18:59:49 2025] Launched cpuclk_synth_1...
Run output will be captured here: D:/personal_archive/2025summer/Computer_Design_and_Practice/my_cpu/my_pipeline_cpu/proj_pipeline/proj_pipeline.runs/cpuclk_synth_1/runme.log
export_simulation -of_objects [get_files D:/personal_archive/2025summer/Computer_Design_and_Practice/my_cpu/my_pipeline_cpu/proj_pipeline/proj_pipeline.srcs/sources_1/ip/cpuclk/cpuclk.xci] -directory D:/personal_archive/2025summer/Computer_Design_and_Practice/my_cpu/my_pipeline_cpu/proj_pipeline/proj_pipeline.ip_user_files/sim_scripts -ip_user_files_dir D:/personal_archive/2025summer/Computer_Design_and_Practice/my_cpu/my_pipeline_cpu/proj_pipeline/proj_pipeline.ip_user_files -ipstatic_source_dir D:/personal_archive/2025summer/Computer_Design_and_Practice/my_cpu/my_pipeline_cpu/proj_pipeline/proj_pipeline.ip_user_files/ipstatic -lib_map_path [list {modelsim=D:/personal_archive/2025summer/Computer_Design_and_Practice/my_cpu/my_pipeline_cpu/proj_pipeline/proj_pipeline.cache/compile_simlib/modelsim} {questa=D:/personal_archive/2025summer/Computer_Design_and_Practice/my_cpu/my_pipeline_cpu/proj_pipeline/proj_pipeline.cache/compile_simlib/questa} {riviera=D:/personal_archive/2025summer/Computer_Design_and_Practice/my_cpu/my_pipeline_cpu/proj_pipeline/proj_pipeline.cache/compile_simlib/riviera} {activehdl=D:/personal_archive/2025summer/Computer_Design_and_Practice/my_cpu/my_pipeline_cpu/proj_pipeline/proj_pipeline.cache/compile_simlib/activehdl}] -use_ip_compiled_libs -force -quiet
reset_run synth_1
WARNING: [Vivado 12-1017] Problems encountered:
1. Failed to delete one or more files in run directory D:/personal_archive/2025summer/Computer_Design_and_Practice/my_cpu/my_pipeline_cpu/proj_pipeline/proj_pipeline.runs/synth_1

launch_runs impl_1 -to_step write_bitstream -jobs 12
INFO: [Vivado 12-4149] The synthesis checkpoint for IP 'D:/personal_archive/2025summer/Computer_Design_and_Practice/my_cpu/my_pipeline_cpu/proj_pipeline/proj_pipeline.srcs/sources_1/ip/IROM/IROM.xci' is already up-to-date
[Thu Jul 31 18:59:55 2025] Launched cpuclk_synth_1, synth_1...
Run output will be captured here:
cpuclk_synth_1: D:/personal_archive/2025summer/Computer_Design_and_Practice/my_cpu/my_pipeline_cpu/proj_pipeline/proj_pipeline.runs/cpuclk_synth_1/runme.log
synth_1: D:/personal_archive/2025summer/Computer_Design_and_Practice/my_cpu/my_pipeline_cpu/proj_pipeline/proj_pipeline.runs/synth_1/runme.log
[Thu Jul 31 18:59:55 2025] Launched impl_1...
Run output will be captured here: D:/personal_archive/2025summer/Computer_Design_and_Practice/my_cpu/my_pipeline_cpu/proj_pipeline/proj_pipeline.runs/impl_1/runme.log
exit
INFO: [Common 17-206] Exiting Vivado at Fri Aug  1 00:35:32 2025...
