#-----------------------------------------------------------
# Vivado v2018.3 (64-bit)
# SW Build 2405991 on Thu Dec  6 23:38:27 MST 2018
# IP Build 2404404 on Fri Dec  7 01:43:56 MST 2018
# Start of session at: Fri Aug  1 10:07:33 2025
# Process ID: 8744
# Current directory: D:/personal_archive/2025summer/Computer_Design_and_Practice/my_cpu/my_single_cpu/proj_single_cycle
# Command line: vivado.exe -gui_launcher_event rodinguilauncherevent23536 D:\personal_archive\2025summer\Computer_Design_and_Practice\my_cpu\my_single_cpu\proj_single_cycle\proj_single_cycle.xpr
# Log file: D:/personal_archive/2025summer/Computer_Design_and_Practice/my_cpu/my_single_cpu/proj_single_cycle/vivado.log
# Journal file: D:/personal_archive/2025summer/Computer_Design_and_Practice/my_cpu/my_single_cpu/proj_single_cycle\vivado.jou
#-----------------------------------------------------------
start_gui
open_project D:/personal_archive/2025summer/Computer_Design_and_Practice/my_cpu/my_single_cpu/proj_single_cycle/proj_single_cycle.xpr
update_compile_order -fileset sources_1
