#-----------------------------------------------------------
# Vivado v2018.3 (64-bit)
# SW Build 2405991 on Thu Dec  6 23:38:27 MST 2018
# IP Build 2404404 on Fri Dec  7 01:43:56 MST 2018
# Start of session at: Fri Aug  1 10:07:33 2025
# Process ID: 8744
# Current directory: D:/personal_archive/2025summer/Computer_Design_and_Practice/my_cpu/my_single_cpu/proj_single_cycle
# Command line: vivado.exe -gui_launcher_event rodinguilauncherevent23536 D:\personal_archive\2025summer\Computer_Design_and_Practice\my_cpu\my_single_cpu\proj_single_cycle\proj_single_cycle.xpr
# Log file: D:/personal_archive/2025summer/Computer_Design_and_Practice/my_cpu/my_single_cpu/proj_single_cycle/vivado.log
# Journal file: D:/personal_archive/2025summer/Computer_Design_and_Practice/my_cpu/my_single_cpu/proj_single_cycle\vivado.jou
#-----------------------------------------------------------
start_gui
open_project D:/personal_archive/2025summer/Computer_Design_and_Practice/my_cpu/my_single_cpu/proj_single_cycle/proj_single_cycle.xpr
INFO: [ProjectBase 1-489] The host OS only allows 260 characters in a normal path. The project is stored in a path with more than 80 characters. If you experience issues with IP, Block Designs, or files not being found, please consider moving the project to a location with a shorter path. Alternately consider using the OS subst command to map part of the path to a drive letter.
Current project path is 'D:/personal_archive/2025summer/Computer_Design_and_Practice/my_cpu/my_single_cpu/proj_single_cycle'
Scanning sources...
Finished scanning sources
INFO: [IP_Flow 19-234] Refreshing IP repositories
INFO: [IP_Flow 19-1704] No user IP repositories specified
INFO: [IP_Flow 19-2313] Loaded Vivado IP repository 'D:/Xilinx/Vivado/2018.3/data/ip'.
update_compile_order -fileset sources_1
exit
INFO: [Common 17-206] Exiting Vivado at Fri Aug  1 11:50:36 2025...
